Change Component Footprint: Designator=T1 Old Footprint=3P,9.5mm Terminal Block New Footprint=CONN-TH_3P-P9.50_WJ45C-B-3P
Change Component Footprint: Designator=T2 Old Footprint=3P,9.5mm Terminal Block New Footprint=CONN-TH_3P-P9.50_WJ45C-B-3P
Change Component Footprint: Designator=T3 Old Footprint=3P,9.5mm Terminal Block New Footprint=CONN-TH_3P-P9.50_WJ45C-B-3P
Change Component Comment : Designator=T1 Old Comment=Header 3P*9.5mm New Comment=WJ45C-B-9.5-3P
Change Component Comment : Designator=T2 Old Comment=Header 3P*9.5mm New Comment=WJ45C-B-9.5-3P
Change Component Comment : Designator=T3 Old Comment=Header 3P*9.5mm New Comment=WJ45C-B-9.5-3P
Change component parameters: Designator = "T1" ("T1"); Footprint = "3P,9.5mm Terminal Block"; UniqueID = "\MTJXUXZS" ("\MTJXUXZS")
Change component parameters (AddParameter): Name = "Add into BOM"; Value = "yes"; VariantName = "[No Variations]"
Change component parameters (AddParameter): Name = "Barrier Type"; Value = "??"; VariantName = "[No Variations]"
Change component parameters (AddParameter): Name = "Color"; Value = "Black"; VariantName = "[No Variations]"
Change component parameters (AddParameter): Name = "Convert to PCB"; Value = "yes"; VariantName = "[No Variations]"
Change component parameters (AddParameter): Name = "Current Rating (Max)"; Value = "32A"; VariantName = "[No Variations]"
Change component parameters (AddParameter): Name = "Datasheet"; Value = "https://atta.szlcsc.com/upload/public/pdf/source/20191225/C8442_FBE59D2F29844B0ABF8A0A98E5C59968.pdf"; VariantName = "[No Variations]"
Change component parameters (AddParameter): Name = "Device"; Value = "WJ45C-B-9.5-3P"; VariantName = "[No Variations]"
Change component parameters (AddParameter): Name = "JLCPCB Part Class"; Value = "Extended Part"; VariantName = "[No Variations]"
Change component parameters (AddParameter): Name = "LCSC Part Name"; Value = "9.5mm 1x3P ??P?:3 ??:1 ?? ??"; VariantName = "[No Variations]"
Change component parameters (AddParameter): Name = "Manufacturer"; Value = "KANGNEX(??????)"; VariantName = "[No Variations]"
Change component parameters (AddParameter): Name = "Manufacturer Part"; Value = "WJ45C-B-9.5-3P"; VariantName = "[No Variations]"
Change component parameters (AddParameter): Name = "Mounting Style"; Value = "??"; VariantName = "[No Variations]"
Change component parameters (AddParameter): Name = "Number of Pins"; Value = "3P"; VariantName = "[No Variations]"
Change component parameters (AddParameter): Name = "Number of PINs Per Row"; Value = "3"; VariantName = "[No Variations]"
Change component parameters (AddParameter): Name = "Number of Rows"; Value = "1"; VariantName = "[No Variations]"
Change component parameters (AddParameter): Name = "Operating Temperature Range"; Value = "-40?~+105?"; VariantName = "[No Variations]"
Change component parameters (AddParameter): Name = "Pin Location"; Value = "??"; VariantName = "[No Variations]"
Change component parameters (AddParameter): Name = "Pitch"; Value = "9.5mm"; VariantName = "[No Variations]"
Change component parameters (AddParameter): Name = "Structure"; Value = "1x3P"; VariantName = "[No Variations]"
Change component parameters (AddParameter): Name = "Supplier"; Value = "LCSC"; VariantName = "[No Variations]"
Change component parameters (AddParameter): Name = "Supplier Footprint"; Value = "??,P=9.5mm"; VariantName = "[No Variations]"
Change component parameters (AddParameter): Name = "Supplier Part"; Value = "C8442"; VariantName = "[No Variations]"
Change component parameters (AddParameter): Name = "Symbol"; Value = "WJ45C-B-3P"; VariantName = "[No Variations]"
Change component parameters (AddParameter): Name = "Voltage Rating (Max)"; Value = "750V"; VariantName = "[No Variations]"
Change component parameters (AddParameter): Name = "Wire Gauge - AWG"; Value = "12~22"; VariantName = "[No Variations]"
Change component parameters (AddParameter): Name = "Wire Gauge - mm2"; Value = "4"; VariantName = "[No Variations]"
Change component parameters: Designator = "T2" ("T2"); Footprint = "3P,9.5mm Terminal Block"; UniqueID = "\GFEFWTHB" ("\GFEFWTHB")
Change component parameters (AddParameter): Name = "Add into BOM"; Value = "yes"; VariantName = "[No Variations]"
Change component parameters (AddParameter): Name = "Barrier Type"; Value = "??"; VariantName = "[No Variations]"
Change component parameters (AddParameter): Name = "Color"; Value = "Black"; VariantName = "[No Variations]"
Change component parameters (AddParameter): Name = "Convert to PCB"; Value = "yes"; VariantName = "[No Variations]"
Change component parameters (AddParameter): Name = "Current Rating (Max)"; Value = "32A"; VariantName = "[No Variations]"
Change component parameters (AddParameter): Name = "Datasheet"; Value = "https://atta.szlcsc.com/upload/public/pdf/source/20191225/C8442_FBE59D2F29844B0ABF8A0A98E5C59968.pdf"; VariantName = "[No Variations]"
Change component parameters (AddParameter): Name = "Device"; Value = "WJ45C-B-9.5-3P"; VariantName = "[No Variations]"
Change component parameters (AddParameter): Name = "JLCPCB Part Class"; Value = "Extended Part"; VariantName = "[No Variations]"
Change component parameters (AddParameter): Name = "LCSC Part Name"; Value = "9.5mm 1x3P ??P?:3 ??:1 ?? ??"; VariantName = "[No Variations]"
Change component parameters (AddParameter): Name = "Manufacturer"; Value = "KANGNEX(??????)"; VariantName = "[No Variations]"
Change component parameters (AddParameter): Name = "Manufacturer Part"; Value = "WJ45C-B-9.5-3P"; VariantName = "[No Variations]"
Change component parameters (AddParameter): Name = "Mounting Style"; Value = "??"; VariantName = "[No Variations]"
Change component parameters (AddParameter): Name = "Number of Pins"; Value = "3P"; VariantName = "[No Variations]"
Change component parameters (AddParameter): Name = "Number of PINs Per Row"; Value = "3"; VariantName = "[No Variations]"
Change component parameters (AddParameter): Name = "Number of Rows"; Value = "1"; VariantName = "[No Variations]"
Change component parameters (AddParameter): Name = "Operating Temperature Range"; Value = "-40?~+105?"; VariantName = "[No Variations]"
Change component parameters (AddParameter): Name = "Pin Location"; Value = "??"; VariantName = "[No Variations]"
Change component parameters (AddParameter): Name = "Pitch"; Value = "9.5mm"; VariantName = "[No Variations]"
Change component parameters (AddParameter): Name = "Structure"; Value = "1x3P"; VariantName = "[No Variations]"
Change component parameters (AddParameter): Name = "Supplier"; Value = "LCSC"; VariantName = "[No Variations]"
Change component parameters (AddParameter): Name = "Supplier Footprint"; Value = "??,P=9.5mm"; VariantName = "[No Variations]"
Change component parameters (AddParameter): Name = "Supplier Part"; Value = "C8442"; VariantName = "[No Variations]"
Change component parameters (AddParameter): Name = "Symbol"; Value = "WJ45C-B-3P"; VariantName = "[No Variations]"
Change component parameters (AddParameter): Name = "Voltage Rating (Max)"; Value = "750V"; VariantName = "[No Variations]"
Change component parameters (AddParameter): Name = "Wire Gauge - AWG"; Value = "12~22"; VariantName = "[No Variations]"
Change component parameters (AddParameter): Name = "Wire Gauge - mm2"; Value = "4"; VariantName = "[No Variations]"
Change component parameters: Designator = "T3" ("T3"); Footprint = "3P,9.5mm Terminal Block"; UniqueID = "\CZTPUSHH" ("\CZTPUSHH")
Change component parameters (AddParameter): Name = "Add into BOM"; Value = "yes"; VariantName = "[No Variations]"
Change component parameters (AddParameter): Name = "Barrier Type"; Value = "??"; VariantName = "[No Variations]"
Change component parameters (AddParameter): Name = "Color"; Value = "Black"; VariantName = "[No Variations]"
Change component parameters (AddParameter): Name = "Convert to PCB"; Value = "yes"; VariantName = "[No Variations]"
Change component parameters (AddParameter): Name = "Current Rating (Max)"; Value = "32A"; VariantName = "[No Variations]"
Change component parameters (AddParameter): Name = "Datasheet"; Value = "https://atta.szlcsc.com/upload/public/pdf/source/20191225/C8442_FBE59D2F29844B0ABF8A0A98E5C59968.pdf"; VariantName = "[No Variations]"
Change component parameters (AddParameter): Name = "Device"; Value = "WJ45C-B-9.5-3P"; VariantName = "[No Variations]"
Change component parameters (AddParameter): Name = "JLCPCB Part Class"; Value = "Extended Part"; VariantName = "[No Variations]"
Change component parameters (AddParameter): Name = "LCSC Part Name"; Value = "9.5mm 1x3P ??P?:3 ??:1 ?? ??"; VariantName = "[No Variations]"
Change component parameters (AddParameter): Name = "Manufacturer"; Value = "KANGNEX(??????)"; VariantName = "[No Variations]"
Change component parameters (AddParameter): Name = "Manufacturer Part"; Value = "WJ45C-B-9.5-3P"; VariantName = "[No Variations]"
Change component parameters (AddParameter): Name = "Mounting Style"; Value = "??"; VariantName = "[No Variations]"
Change component parameters (AddParameter): Name = "Number of Pins"; Value = "3P"; VariantName = "[No Variations]"
Change component parameters (AddParameter): Name = "Number of PINs Per Row"; Value = "3"; VariantName = "[No Variations]"
Change component parameters (AddParameter): Name = "Number of Rows"; Value = "1"; VariantName = "[No Variations]"
Change component parameters (AddParameter): Name = "Operating Temperature Range"; Value = "-40?~+105?"; VariantName = "[No Variations]"
Change component parameters (AddParameter): Name = "Pin Location"; Value = "??"; VariantName = "[No Variations]"
Change component parameters (AddParameter): Name = "Pitch"; Value = "9.5mm"; VariantName = "[No Variations]"
Change component parameters (AddParameter): Name = "Structure"; Value = "1x3P"; VariantName = "[No Variations]"
Change component parameters (AddParameter): Name = "Supplier"; Value = "LCSC"; VariantName = "[No Variations]"
Change component parameters (AddParameter): Name = "Supplier Footprint"; Value = "??,P=9.5mm"; VariantName = "[No Variations]"
Change component parameters (AddParameter): Name = "Supplier Part"; Value = "C8442"; VariantName = "[No Variations]"
Change component parameters (AddParameter): Name = "Symbol"; Value = "WJ45C-B-3P"; VariantName = "[No Variations]"
Change component parameters (AddParameter): Name = "Voltage Rating (Max)"; Value = "750V"; VariantName = "[No Variations]"
Change component parameters (AddParameter): Name = "Wire Gauge - AWG"; Value = "12~22"; VariantName = "[No Variations]"
Change component parameters (AddParameter): Name = "Wire Gauge - mm2"; Value = "4"; VariantName = "[No Variations]"
