Removed Pin From Net: NetName=GND Pin=C1-1
Removed Pin From Net: NetName=+5V Pin=C1-2
Removed Pin From Net: NetName=GND Pin=C2-1
Removed Pin From Net: NetName=GND Pin=C33-1
Removed Pin From Net: NetName=+5V Pin=C33-2
Removed Pin From Net: NetName=GND Pin=C34-1
Removed Pin From Net: NetName=GND Pin=C44-1
Removed Pin From Net: NetName=+5V Pin=C44-2
Removed Pin From Net: NetName=GND Pin=C45-1
Removed Pin From Net: NetName=GND Pin=R3-2
Removed Pin From Net: NetName=GND Pin=R26-2
Removed Pin From Net: NetName=GND Pin=R46-2
Removed Pin From Net: NetName=+5V Pin=T1-C
Removed Pin From Net: NetName=+5V Pin=T4-C
Removed Pin From Net: NetName=+5V Pin=T7-C
Removed Pin From Net: NetName=CLK_1 Pin=U1-1
Removed Pin From Net: NetName=GND Pin=U1-7
Removed Pin From Net: NetName=+5V Pin=U1-14
Removed Pin From Net: NetName=CLK_2 Pin=U8-1
Removed Pin From Net: NetName=GND Pin=U8-7
Removed Pin From Net: NetName=+5V Pin=U8-14
Removed Pin From Net: NetName=CLK_3 Pin=U14-1
Removed Pin From Net: NetName=GND Pin=U14-7
Removed Pin From Net: NetName=+5V Pin=U14-14
Removed Member From Class: ClassName=Stepper Motor1 Member=C1
Removed Member From Class: ClassName=Stepper Motor1 Member=C2
Removed Member From Class: ClassName=Stepper Motor2 Member=C33
Removed Member From Class: ClassName=Stepper Motor2 Member=C34
Removed Member From Class: ClassName=Stepper Motor3 Member=C44
Removed Member From Class: ClassName=Stepper Motor3 Member=C45
Removed Member From Class: ClassName=Stepper Motor1 Member=R1
Removed Member From Class: ClassName=Stepper Motor1 Member=R3
Removed Member From Class: ClassName=Stepper Motor2 Member=R22
Removed Member From Class: ClassName=Stepper Motor2 Member=R26
Removed Member From Class: ClassName=Stepper Motor3 Member=R42
Removed Member From Class: ClassName=Stepper Motor3 Member=R46
Removed Member From Class: ClassName=Stepper Motor1 Member=SW1
Removed Member From Class: ClassName=Stepper Motor2 Member=SW2
Removed Member From Class: ClassName=Stepper Motor3 Member=SW3
Removed Member From Class: ClassName=Stepper Motor1 Member=T1
Removed Member From Class: ClassName=Stepper Motor2 Member=T4
Removed Member From Class: ClassName=Stepper Motor3 Member=T7
Removed Member From Class: ClassName=Stepper Motor1 Member=U1
Removed Member From Class: ClassName=Stepper Motor2 Member=U8
Removed Member From Class: ClassName=Stepper Motor3 Member=U14
Added Pin To Net: NetName=NetR2_2 Pin=R2-2
Added Pin To Net: NetName=NetR2_2 Pin=U3-3
Added Net: Name=NetR2_2
Added Pin To Net: NetName=NetR23_2 Pin=R23-2
Added Pin To Net: NetName=NetR23_2 Pin=U9-3
Added Net: Name=NetR23_2
Added Pin To Net: NetName=NetR43_2 Pin=R43-2
Added Pin To Net: NetName=NetR43_2 Pin=U15-3
Added Net: Name=NetR43_2
