Change Component Description : Designator=F1 Old Description=Header 2 pin New Description=C492401
Change Component Description : Designator=Stepper1 Old Description=Header 4 Pin Polar New Description=C144395
Change Component Description : Designator=Stepper2 Old Description=Header 4 Pin Polar New Description=C144395
Change Component Description : Designator=Stepper3 Old Description=Header 4 Pin Polar New Description=C144395
Change Component Description : Designator=Stepper4 Old Description=Header 4 Pin Polar New Description=C144395
Change Component Description : Designator=Stepper5 Old Description=Header 4 Pin Polar New Description=C144395
Change Component Description : Designator=Stepper6 Old Description=Header 4 Pin Polar New Description=C144395
Change Component Description : Designator=C6 Old Description=Single Ended Conductive Polymer Aluminum Solid Electrolytic Capacitors New Description=C2691843
Change Component Description : Designator=C38 Old Description=Single Ended Conductive Polymer Aluminum Solid Electrolytic Capacitors New Description=C2691843
Change Component Description : Designator=C49 Old Description=Single Ended Conductive Polymer Aluminum Solid Electrolytic Capacitors New Description=C2691843
Change Component Description : Designator=C60 Old Description=Single Ended Conductive Polymer Aluminum Solid Electrolytic Capacitors New Description=C2691843
Change Component Description : Designator=C76 Old Description=Single Ended Conductive Polymer Aluminum Solid Electrolytic Capacitors New Description=C2691843
Change Component Description : Designator=C88 Old Description=Single Ended Conductive Polymer Aluminum Solid Electrolytic Capacitors New Description=C2691843
Change Component Description : Designator=S1 Old Description=Wurth Elektronik 490107670612 New Description=C42431837
Change Component Kind : Designator=Stepper6 Old Kind=Standard (No BOM) New Kind=Standard
Change Component Kind : Designator=U3 Old Kind=Standard (No BOM) New Kind=Standard
Change Component Kind : Designator=Stepper5 Old Kind=Standard (No BOM) New Kind=Standard
Change Component Kind : Designator=Stepper3 Old Kind=Standard (No BOM) New Kind=Standard
Change Component Kind : Designator=Stepper4 Old Kind=Standard (No BOM) New Kind=Standard
Change Component Kind : Designator=U7 Old Kind=Standard (No BOM) New Kind=Standard
Change Component Kind : Designator=U28 Old Kind=Standard (No BOM) New Kind=Standard
Change Component Kind : Designator=U34 Old Kind=Standard (No BOM) New Kind=Standard
Change Component Kind : Designator=U21 Old Kind=Standard (No BOM) New Kind=Standard
Change Component Kind : Designator=U9 Old Kind=Standard (No BOM) New Kind=Standard
Change Component Kind : Designator=U15 Old Kind=Standard (No BOM) New Kind=Standard
Change Component Kind : Designator=C15 Old Kind=Standard (No BOM) New Kind=Standard
Change Component Kind : Designator=C16 Old Kind=Standard (No BOM) New Kind=Standard
Change Component Kind : Designator=C14 Old Kind=Standard (No BOM) New Kind=Standard
Change Component Kind : Designator=C12 Old Kind=Standard (No BOM) New Kind=Standard
Change Component Kind : Designator=C13 Old Kind=Standard (No BOM) New Kind=Standard
Change Component Kind : Designator=C20 Old Kind=Standard (No BOM) New Kind=Standard
Change Component Kind : Designator=Stepper1 Old Kind=Standard (No BOM) New Kind=Standard
Change Component Kind : Designator=Stepper2 Old Kind=Standard (No BOM) New Kind=Standard
Change Component Kind : Designator=S1 Old Kind=Standard (No BOM) New Kind=Standard
Change Component Kind : Designator=F1 Old Kind=Standard (No BOM) New Kind=Standard
Change Component Kind : Designator=J5 Old Kind=Standard (No BOM) New Kind=Standard
