Added Component: Designator=ASM1117(SOT229P700X180-4N)
Add component (AddParameter): Name = "Created By"; Value = "NourAldin"; VariantName = "[No Variations]"
Added Component: Designator=C?(CAPC2012X08N)
Add component (AddParameter): Name = "CreatedBy"; Value = "NourAldin"; VariantName = "[No Variations]"
Add component (AddParameter): Name = "DataSheet"; Value = "https://eu.mouser.com/datasheet/2/212/KEM_C1090_X7R_ESD-1103328.pdf"; VariantName = "[No Variations]"
Add component (AddParameter): Name = "Mouser Link"; Value = "https://eu.mouser.com/ProductDetail/KEMET/C0805C102MAREC7210?qs=sGAEpiMZZMs0AnBnWHyRQN7%2fAA2D2lPPn4aJ8HP1TBffR9FQG0oqCQ%3d%3d"; VariantName = "[No Variations]"
Added Component: Designator=C?(CAPC2012X08N)
Add component (AddParameter): Name = "CreatedBy"; Value = "NourAldin"; VariantName = "[No Variations]"
Add component (AddParameter): Name = "DataSheet"; Value = "https://eu.mouser.com/datasheet/2/212/KEM_C1090_X7R_ESD-1103328.pdf"; VariantName = "[No Variations]"
Add component (AddParameter): Name = "Mouser Link"; Value = "https://eu.mouser.com/ProductDetail/KEMET/C0805C102MAREC7210?qs=sGAEpiMZZMs0AnBnWHyRQN7%2fAA2D2lPPn4aJ8HP1TBffR9FQG0oqCQ%3d%3d"; VariantName = "[No Variations]"
Added Component: Designator=C?(CAPC2012X08N)
Add component (AddParameter): Name = "CreatedBy"; Value = "NourAldin"; VariantName = "[No Variations]"
Add component (AddParameter): Name = "DataSheet"; Value = "https://eu.mouser.com/datasheet/2/212/KEM_C1090_X7R_ESD-1103328.pdf"; VariantName = "[No Variations]"
Add component (AddParameter): Name = "Mouser Link"; Value = "https://eu.mouser.com/ProductDetail/KEMET/C0805C102MAREC7210?qs=sGAEpiMZZMs0AnBnWHyRQN7%2fAA2D2lPPn4aJ8HP1TBffR9FQG0oqCQ%3d%3d"; VariantName = "[No Variations]"
Added Component: Designator=C?(CAPC2012X08N)
Add component (AddParameter): Name = "CreatedBy"; Value = "NourAldin"; VariantName = "[No Variations]"
Add component (AddParameter): Name = "DataSheet"; Value = "https://eu.mouser.com/datasheet/2/212/KEM_C1090_X7R_ESD-1103328.pdf"; VariantName = "[No Variations]"
Add component (AddParameter): Name = "Mouser Link"; Value = "https://eu.mouser.com/ProductDetail/KEMET/C0805C102MAREC7210?qs=sGAEpiMZZMs0AnBnWHyRQN7%2fAA2D2lPPn4aJ8HP1TBffR9FQG0oqCQ%3d%3d"; VariantName = "[No Variations]"
Added Component: Designator=C?(CAPC2012X08N)
Add component (AddParameter): Name = "CreatedBy"; Value = "NourAldin"; VariantName = "[No Variations]"
Add component (AddParameter): Name = "DataSheet"; Value = "https://eu.mouser.com/datasheet/2/212/KEM_C1090_X7R_ESD-1103328.pdf"; VariantName = "[No Variations]"
Add component (AddParameter): Name = "Mouser Link"; Value = "https://eu.mouser.com/ProductDetail/KEMET/C0805C102MAREC7210?qs=sGAEpiMZZMs0AnBnWHyRQN7%2fAA2D2lPPn4aJ8HP1TBffR9FQG0oqCQ%3d%3d"; VariantName = "[No Variations]"
Added Component: Designator=C?(CAPC2012X08N)
Add component (AddParameter): Name = "CreatedBy"; Value = "NourAldin"; VariantName = "[No Variations]"
Add component (AddParameter): Name = "DataSheet"; Value = "https://eu.mouser.com/datasheet/2/212/KEM_C1090_X7R_ESD-1103328.pdf"; VariantName = "[No Variations]"
Add component (AddParameter): Name = "Mouser Link"; Value = "https://eu.mouser.com/ProductDetail/KEMET/C0805C102MAREC7210?qs=sGAEpiMZZMs0AnBnWHyRQN7%2fAA2D2lPPn4aJ8HP1TBffR9FQG0oqCQ%3d%3d"; VariantName = "[No Variations]"
Added Component: Designator=C?(CAPC2012X08N)
Add component (AddParameter): Name = "CreatedBy"; Value = "NourAldin"; VariantName = "[No Variations]"
Add component (AddParameter): Name = "DataSheet"; Value = "https://eu.mouser.com/datasheet/2/212/KEM_C1090_X7R_ESD-1103328.pdf"; VariantName = "[No Variations]"
Add component (AddParameter): Name = "Mouser Link"; Value = "https://eu.mouser.com/ProductDetail/KEMET/C0805C102MAREC7210?qs=sGAEpiMZZMs0AnBnWHyRQN7%2fAA2D2lPPn4aJ8HP1TBffR9FQG0oqCQ%3d%3d"; VariantName = "[No Variations]"
Added Component: Designator=C?(CAPC2012X08N)
Add component (AddParameter): Name = "CreatedBy"; Value = "NourAldin"; VariantName = "[No Variations]"
Add component (AddParameter): Name = "DataSheet"; Value = "https://eu.mouser.com/datasheet/2/212/KEM_C1090_X7R_ESD-1103328.pdf"; VariantName = "[No Variations]"
Add component (AddParameter): Name = "Mouser Link"; Value = "https://eu.mouser.com/ProductDetail/KEMET/C0805C102MAREC7210?qs=sGAEpiMZZMs0AnBnWHyRQN7%2fAA2D2lPPn4aJ8HP1TBffR9FQG0oqCQ%3d%3d"; VariantName = "[No Variations]"
Added Component: Designator=C?(CAPC2012X08N)
Add component (AddParameter): Name = "CreatedBy"; Value = "NourAldin"; VariantName = "[No Variations]"
Add component (AddParameter): Name = "DataSheet"; Value = "https://eu.mouser.com/datasheet/2/212/KEM_C1090_X7R_ESD-1103328.pdf"; VariantName = "[No Variations]"
Add component (AddParameter): Name = "Mouser Link"; Value = "https://eu.mouser.com/ProductDetail/KEMET/C0805C102MAREC7210?qs=sGAEpiMZZMs0AnBnWHyRQN7%2fAA2D2lPPn4aJ8HP1TBffR9FQG0oqCQ%3d%3d"; VariantName = "[No Variations]"
Added Component: Designator=C?(CAPC2012X08N)
Add component (AddParameter): Name = "CreatedBy"; Value = "NourAldin"; VariantName = "[No Variations]"
Add component (AddParameter): Name = "DataSheet"; Value = "https://eu.mouser.com/datasheet/2/212/KEM_C1090_X7R_ESD-1103328.pdf"; VariantName = "[No Variations]"
Add component (AddParameter): Name = "Mouser Link"; Value = "https://eu.mouser.com/ProductDetail/KEMET/C0805C102MAREC7210?qs=sGAEpiMZZMs0AnBnWHyRQN7%2fAA2D2lPPn4aJ8HP1TBffR9FQG0oqCQ%3d%3d"; VariantName = "[No Variations]"
Added Component: Designator=C?(CAPC2012X08N)
Add component (AddParameter): Name = "CreatedBy"; Value = "NourAldin"; VariantName = "[No Variations]"
Add component (AddParameter): Name = "DataSheet"; Value = "https://eu.mouser.com/datasheet/2/212/KEM_C1090_X7R_ESD-1103328.pdf"; VariantName = "[No Variations]"
Add component (AddParameter): Name = "Mouser Link"; Value = "https://eu.mouser.com/ProductDetail/KEMET/C0805C102MAREC7210?qs=sGAEpiMZZMs0AnBnWHyRQN7%2fAA2D2lPPn4aJ8HP1TBffR9FQG0oqCQ%3d%3d"; VariantName = "[No Variations]"
Added Component: Designator=CN?(CONN-SMD_4P-P2.00_ZX-HY2.0-4PWT)
Add component (AddParameter): Name = "Add into BOM"; Value = "yes"; VariantName = "[No Variations]"
Add component (AddParameter): Name = "Color"; Value = "Beige"; VariantName = "[No Variations]"
Add component (AddParameter): Name = "Contact Material"; Value = "Brass"; VariantName = "[No Variations]"
Add component (AddParameter): Name = "Contact Plating"; Value = "Tin"; VariantName = "[No Variations]"
Add component (AddParameter): Name = "Convert to PCB"; Value = "yes"; VariantName = "[No Variations]"
Add component (AddParameter): Name = "Current Rating"; Value = "2A"; VariantName = "[No Variations]"
Add component (AddParameter): Name = "Datasheet"; Value = "https://item.szlcsc.com/datasheet/ZX-HY2.0-4PWT/8427488.html"; VariantName = "[No Variations]"
Add component (AddParameter): Name = "Device"; Value = "ZX-HY2.0-4PWT"; VariantName = "[No Variations]"
Add component (AddParameter): Name = "Flame Retardant Rating"; Value = "-"; VariantName = "[No Variations]"
Add component (AddParameter): Name = "JLCPCB Part Class"; Value = "Extended Part"; VariantName = "[No Variations]"
Add component (AddParameter): Name = "LCSC Part Name"; Value = "1x4P ??:2mm ?? ??:HY"; VariantName = "[No Variations]"
Add component (AddParameter): Name = "Manufacturer"; Value = "Megastar(??)"; VariantName = "[No Variations]"
Add component (AddParameter): Name = "Manufacturer Part"; Value = "ZX-HY2.0-4PWT"; VariantName = "[No Variations]"
Add component (AddParameter): Name = "Mounting Type"; Value = "Surface Mount, Right Angle"; VariantName = "[No Variations]"
Add component (AddParameter): Name = "Number of Pins"; Value = "4P"; VariantName = "[No Variations]"
Add component (AddParameter): Name = "Number of PINs Per Row"; Value = "4"; VariantName = "[No Variations]"
Add component (AddParameter): Name = "Number of Rows"; Value = "1"; VariantName = "[No Variations]"
Add component (AddParameter): Name = "Operating Temperature"; Value = "-25?~+85?"; VariantName = "[No Variations]"
Add component (AddParameter): Name = "Pins Structure"; Value = "1x4P"; VariantName = "[No Variations]"
Add component (AddParameter): Name = "Pitch"; Value = "2mm"; VariantName = "[No Variations]"
Add component (AddParameter): Name = "Plastic Material"; Value = "-"; VariantName = "[No Variations]"
Add component (AddParameter): Name = "Reference Series"; Value = "HY"; VariantName = "[No Variations]"
Add component (AddParameter): Name = "Row Spacing"; Value = "-"; VariantName = "[No Variations]"
Add component (AddParameter): Name = "Supplementary Features"; Value = "Auxiliary Solder Pin"; VariantName = "[No Variations]"
Add component (AddParameter): Name = "Supplier"; Value = "LCSC"; VariantName = "[No Variations]"
Add component (AddParameter): Name = "Supplier Footprint"; Value = "SMD,P=2mm,??"; VariantName = "[No Variations]"
Add component (AddParameter): Name = "Supplier Part"; Value = "C7429571"; VariantName = "[No Variations]"
Add component (AddParameter): Name = "Symbol"; Value = "ZX-HY2.0-4PWT"; VariantName = "[No Variations]"
Add component (AddParameter): Name = "Voltage Rating"; Value = "-"; VariantName = "[No Variations]"
Add component (AddParameter): Name = "X-Length of Bottom Edge on Board (Spacing Line)"; Value = "12mm"; VariantName = "[No Variations]"
Add component (AddParameter): Name = "Y-Width of Bottom Edge on Board"; Value = "10.5mm"; VariantName = "[No Variations]"
Add component (AddParameter): Name = "Z-Height of the Board"; Value = "5.2mm"; VariantName = "[No Variations]"
Added Component: Designator=D?(SOD-323_L1.8-W1.3-LS2.5-RD)
Add component (AddParameter): Name = "Add into BOM"; Value = "yes"; VariantName = "[No Variations]"
Add component (AddParameter): Name = "Convert to PCB"; Value = "yes"; VariantName = "[No Variations]"
Add component (AddParameter): Name = "Current - Rectified"; Value = "1A"; VariantName = "[No Variations]"
Add component (AddParameter): Name = "Datasheet"; Value = "https://item.szlcsc.com/datasheet/1N5819WS/213850.html"; VariantName = "[No Variations]"
Add component (AddParameter): Name = "Device"; Value = "1N5819WS_C191023"; VariantName = "[No Variations]"
Add component (AddParameter): Name = "JLCPCB Part Class"; Value = "Basic Part"; VariantName = "[No Variations]"
Add component (AddParameter): Name = "LCSC Part Name"; Value = "??:40V ??:1A"; VariantName = "[No Variations]"
Add component (AddParameter): Name = "Manufacturer"; Value = "Hottech(???)"; VariantName = "[No Variations]"
Add component (AddParameter): Name = "Manufacturer Part"; Value = "1N5819WS"; VariantName = "[No Variations]"
Add component (AddParameter): Name = "Non-Repetitive Peak Forward Surge Current"; Value = "25A"; VariantName = "[No Variations]"
Add component (AddParameter): Name = "Supplier"; Value = "LCSC"; VariantName = "[No Variations]"
Add component (AddParameter): Name = "Supplier Footprint"; Value = "SOD-323"; VariantName = "[No Variations]"
Add component (AddParameter): Name = "Supplier Part"; Value = "C191023"; VariantName = "[No Variations]"
Add component (AddParameter): Name = "Symbol"; Value = "1N5819WS"; VariantName = "[No Variations]"
Add component (AddParameter): Name = "Voltage - DC Reverse(Vr)"; Value = "40V"; VariantName = "[No Variations]"
Add component (AddParameter): Name = "Voltage - Forward(Vf@If)"; Value = "600mV@1A"; VariantName = "[No Variations]"
Added Component: Designator=D?(SOT-23_L2.9-W1.3-P1.90-LS2.4-BR)
Add component (AddParameter): Name = "Add into BOM"; Value = "yes"; VariantName = "[No Variations]"
Add component (AddParameter): Name = "Breakdown Voltage"; Value = "13.3V;7.5V"; VariantName = "[No Variations]"
Add component (AddParameter): Name = "Convert to PCB"; Value = "yes"; VariantName = "[No Variations]"
Add component (AddParameter): Name = "Datasheet"; Value = "https://atta.szlcsc.com/upload/public/pdf/source/20180725/C172881_EAAF30934B5110668A16259EFFDDCCE9.pdf"; VariantName = "[No Variations]"
Add component (AddParameter): Name = "Device"; Value = "SM712-02HTG_C172881"; VariantName = "[No Variations]"
Add component (AddParameter): Name = "JLCPCB Part Class"; Value = "Extended Part"; VariantName = "[No Variations]"
Add component (AddParameter): Name = "LCSC Part Name"; Value = "SM712-02HTG"; VariantName = "[No Variations]"
Add component (AddParameter): Name = "Manufacturer"; Value = "Littelfuse(????)"; VariantName = "[No Variations]"
Add component (AddParameter): Name = "Manufacturer Part"; Value = "SM712-02HTG"; VariantName = "[No Variations]"
Add component (AddParameter): Name = "Maximum Clamping Voltage"; Value = "31V;19V"; VariantName = "[No Variations]"
Add component (AddParameter): Name = "Name"; Value = ""; VariantName = "[No Variations]"
Add component (AddParameter): Name = "Peak Pulse Current (Ipp)@10/1000us"; Value = "19A@8/20us"; VariantName = "[No Variations]"
Add component (AddParameter): Name = "Peak Pulse Power Dissipation (Ppp)@10/1000us"; Value = "600W"; VariantName = "[No Variations]"
Add component (AddParameter): Name = "polarity"; Value = "Bi-Directional"; VariantName = "[No Variations]"
Add component (AddParameter): Name = "Reverse Stand-Off Voltage (Vrwm)"; Value = "12V@Max;7V@Max"; VariantName = "[No Variations]"
Add component (AddParameter): Name = "Supplier"; Value = "LCSC"; VariantName = "[No Variations]"
Add component (AddParameter): Name = "Supplier Footprint"; Value = "SOT-23"; VariantName = "[No Variations]"
Add component (AddParameter): Name = "Supplier Part"; Value = "C172881"; VariantName = "[No Variations]"
Add component (AddParameter): Name = "Symbol"; Value = "SM712-02HTG"; VariantName = "[No Variations]"
Add component (AddParameter): Name = "Type"; Value = "TVS"; VariantName = "[No Variations]"
Added Component: Designator=L?(IND-SMD_L4.5-W4.5_SMMS0420)
Add component (AddParameter): Name = "Add into BOM"; Value = "yes"; VariantName = "[No Variations]"
Add component (AddParameter): Name = "Convert to PCB"; Value = "yes"; VariantName = "[No Variations]"
Add component (AddParameter): Name = "Current - Saturation(Isat)"; Value = "2A"; VariantName = "[No Variations]"
Add component (AddParameter): Name = "Current Rating"; Value = "1.6A"; VariantName = "[No Variations]"
Add component (AddParameter): Name = "Datasheet"; Value = "https://item.szlcsc.com/datasheet/SMMS0420-100M/144499.html"; VariantName = "[No Variations]"
Add component (AddParameter): Name = "DC Resistance(DCR)"; Value = "258mO"; VariantName = "[No Variations]"
Add component (AddParameter): Name = "Device"; Value = "SMMS0420-100M"; VariantName = "[No Variations]"
Add component (AddParameter): Name = "JLCPCB Part Class"; Value = "Extended Part"; VariantName = "[No Variations]"
Add component (AddParameter): Name = "LCSC Part Name"; Value = "10uH ±20% 2A"; VariantName = "[No Variations]"
Add component (AddParameter): Name = "Manufacturer"; Value = "SXN(???)"; VariantName = "[No Variations]"
Add component (AddParameter): Name = "Manufacturer Part"; Value = "SMMS0420-100M"; VariantName = "[No Variations]"
Add component (AddParameter): Name = "Supplier"; Value = "LCSC"; VariantName = "[No Variations]"
Add component (AddParameter): Name = "Supplier Footprint"; Value = "SMD,4.6x4.2mm"; VariantName = "[No Variations]"
Add component (AddParameter): Name = "Supplier Part"; Value = "C133195"; VariantName = "[No Variations]"
Add component (AddParameter): Name = "Symbol"; Value = "SMMS0420-100M"; VariantName = "[No Variations]"
Add component (AddParameter): Name = "Tolerance"; Value = "±20%"; VariantName = "[No Variations]"
Add component (AddParameter): Name = "Type"; Value = "-"; VariantName = "[No Variations]"
Add component (AddParameter): Name = "Value"; Value = "10uH"; VariantName = "[No Variations]"
Added Component: Designator=R?(RESC2012X07N)
Add component (AddParameter): Name = "Created By"; Value = "NourAldin"; VariantName = "[No Variations]"
Add component (AddParameter): Name = "DataSheet"; Value = "https://eu.mouser.com/datasheet/2/348/ktr-e-1139187.pdf"; VariantName = "[No Variations]"
Add component (AddParameter): Name = "Mouser Link"; Value = "https://eu.mouser.com/ProductDetail/ROHM-Semiconductor/KTR10EZPF3921?qs=493kPxzlxfJ9hgmf1BrSoQ%3d%3d"; VariantName = "[No Variations]"
Added Component: Designator=R?(RESC2012X07N)
Add component (AddParameter): Name = "Created By"; Value = "NourAldin"; VariantName = "[No Variations]"
Add component (AddParameter): Name = "DataSheet"; Value = "https://eu.mouser.com/datasheet/2/348/ktr-e-1139187.pdf"; VariantName = "[No Variations]"
Add component (AddParameter): Name = "Mouser Link"; Value = "https://eu.mouser.com/ProductDetail/ROHM-Semiconductor/KTR10EZPF3921?qs=493kPxzlxfJ9hgmf1BrSoQ%3d%3d"; VariantName = "[No Variations]"
Added Component: Designator=R?(RESC2012X07N)
Add component (AddParameter): Name = "Created By"; Value = "NourAldin"; VariantName = "[No Variations]"
Add component (AddParameter): Name = "DataSheet"; Value = "https://eu.mouser.com/datasheet/2/348/ktr-e-1139187.pdf"; VariantName = "[No Variations]"
Add component (AddParameter): Name = "Mouser Link"; Value = "https://eu.mouser.com/ProductDetail/ROHM-Semiconductor/KTR10EZPF3921?qs=493kPxzlxfJ9hgmf1BrSoQ%3d%3d"; VariantName = "[No Variations]"
Added Component: Designator=R?(RESC2012X07N)
Add component (AddParameter): Name = "Created By"; Value = "NourAldin"; VariantName = "[No Variations]"
Add component (AddParameter): Name = "DataSheet"; Value = "https://eu.mouser.com/datasheet/2/348/ktr-e-1139187.pdf"; VariantName = "[No Variations]"
Add component (AddParameter): Name = "Mouser Link"; Value = "https://eu.mouser.com/ProductDetail/ROHM-Semiconductor/KTR10EZPF3921?qs=493kPxzlxfJ9hgmf1BrSoQ%3d%3d"; VariantName = "[No Variations]"
Added Component: Designator=R?(RESC2012X07N)
Add component (AddParameter): Name = "Created By"; Value = "NourAldin"; VariantName = "[No Variations]"
Add component (AddParameter): Name = "DataSheet"; Value = "https://eu.mouser.com/datasheet/2/348/ktr-e-1139187.pdf"; VariantName = "[No Variations]"
Add component (AddParameter): Name = "Mouser Link"; Value = "https://eu.mouser.com/ProductDetail/ROHM-Semiconductor/KTR10EZPF3921?qs=493kPxzlxfJ9hgmf1BrSoQ%3d%3d"; VariantName = "[No Variations]"
Added Component: Designator=R?(RESC2012X07N)
Add component (AddParameter): Name = "Created By"; Value = "NourAldin"; VariantName = "[No Variations]"
Add component (AddParameter): Name = "DataSheet"; Value = "https://eu.mouser.com/datasheet/2/348/ktr-e-1139187.pdf"; VariantName = "[No Variations]"
Add component (AddParameter): Name = "Mouser Link"; Value = "https://eu.mouser.com/ProductDetail/ROHM-Semiconductor/KTR10EZPF3921?qs=493kPxzlxfJ9hgmf1BrSoQ%3d%3d"; VariantName = "[No Variations]"
Added Component: Designator=R?(RESC2012X07N)
Add component (AddParameter): Name = "Created By"; Value = "NourAldin"; VariantName = "[No Variations]"
Add component (AddParameter): Name = "DataSheet"; Value = "https://eu.mouser.com/datasheet/2/348/ktr-e-1139187.pdf"; VariantName = "[No Variations]"
Add component (AddParameter): Name = "Mouser Link"; Value = "https://eu.mouser.com/ProductDetail/ROHM-Semiconductor/KTR10EZPF3921?qs=493kPxzlxfJ9hgmf1BrSoQ%3d%3d"; VariantName = "[No Variations]"
Added Component: Designator=SW?(SW-SMD_MST23D19G2)
Add component (AddParameter): Name = "Actuator Color"; Value = "-"; VariantName = "[No Variations]"
Add component (AddParameter): Name = "Actuator Style"; Value = "-"; VariantName = "[No Variations]"
Add component (AddParameter): Name = "Add into BOM"; Value = "yes"; VariantName = "[No Variations]"
Add component (AddParameter): Name = "Circuit"; Value = "????"; VariantName = "[No Variations]"
Add component (AddParameter): Name = "Convert to PCB"; Value = "yes"; VariantName = "[No Variations]"
Add component (AddParameter): Name = "Current Rating (AC)"; Value = "-"; VariantName = "[No Variations]"
Add component (AddParameter): Name = "Current Rating (DC)"; Value = "100mA"; VariantName = "[No Variations]"
Add component (AddParameter): Name = "Datasheet"; Value = "https://atta.szlcsc.com/upload/public/pdf/source/20190925/C431545_A88710AC241B275593C257CF6D595AD7.pdf"; VariantName = "[No Variations]"
Add component (AddParameter): Name = "Device"; Value = "MST23D19G2"; VariantName = "[No Variations]"
Add component (AddParameter): Name = "JLCPCB Part Class"; Value = "Extended Part"; VariantName = "[No Variations]"
Add component (AddParameter): Name = "LCSC Part Name"; Value = "?????? 8??? ??2.0MM"; VariantName = "[No Variations]"
Add component (AddParameter): Name = "Manufacturer"; Value = "SHOU HAN(??)"; VariantName = "[No Variations]"
Add component (AddParameter): Name = "Manufacturer Part"; Value = "MST23D19G2"; VariantName = "[No Variations]"
Add component (AddParameter): Name = "Mechanical Life"; Value = "1??"; VariantName = "[No Variations]"
Add component (AddParameter): Name = "Mounting Style"; Value = "Brick nogging"; VariantName = "[No Variations]"
Add component (AddParameter): Name = "Operating Temperature"; Value = "-25?~+70?"; VariantName = "[No Variations]"
Add component (AddParameter): Name = "Pin Style"; Value = "SMDSplicing"; VariantName = "[No Variations]"
Add component (AddParameter): Name = "Supplier"; Value = "LCSC"; VariantName = "[No Variations]"
Add component (AddParameter): Name = "Supplier Footprint"; Value = "SMD"; VariantName = "[No Variations]"
Add component (AddParameter): Name = "Supplier Part"; Value = "C431545"; VariantName = "[No Variations]"
Add component (AddParameter): Name = "Switch Height"; Value = "3.5mm"; VariantName = "[No Variations]"
Add component (AddParameter): Name = "Switch Length"; Value = "12.95mm"; VariantName = "[No Variations]"
Add component (AddParameter): Name = "Switch Width"; Value = "3.55mm"; VariantName = "[No Variations]"
Add component (AddParameter): Name = "Symbol"; Value = "MST23D19G2"; VariantName = "[No Variations]"
Add component (AddParameter): Name = "Voltage Rating (AC)"; Value = "-"; VariantName = "[No Variations]"
Add component (AddParameter): Name = "Voltage Rating (DC)"; Value = "12V"; VariantName = "[No Variations]"
Added Component: Designator=SW?(SW-SMD_MST23D19G2)
Add component (AddParameter): Name = "Actuator Color"; Value = "-"; VariantName = "[No Variations]"
Add component (AddParameter): Name = "Actuator Style"; Value = "-"; VariantName = "[No Variations]"
Add component (AddParameter): Name = "Add into BOM"; Value = "yes"; VariantName = "[No Variations]"
Add component (AddParameter): Name = "Circuit"; Value = "????"; VariantName = "[No Variations]"
Add component (AddParameter): Name = "Convert to PCB"; Value = "yes"; VariantName = "[No Variations]"
Add component (AddParameter): Name = "Current Rating (AC)"; Value = "-"; VariantName = "[No Variations]"
Add component (AddParameter): Name = "Current Rating (DC)"; Value = "100mA"; VariantName = "[No Variations]"
Add component (AddParameter): Name = "Datasheet"; Value = "https://atta.szlcsc.com/upload/public/pdf/source/20190925/C431545_A88710AC241B275593C257CF6D595AD7.pdf"; VariantName = "[No Variations]"
Add component (AddParameter): Name = "Device"; Value = "MST23D19G2"; VariantName = "[No Variations]"
Add component (AddParameter): Name = "JLCPCB Part Class"; Value = "Extended Part"; VariantName = "[No Variations]"
Add component (AddParameter): Name = "LCSC Part Name"; Value = "?????? 8??? ??2.0MM"; VariantName = "[No Variations]"
Add component (AddParameter): Name = "Manufacturer"; Value = "SHOU HAN(??)"; VariantName = "[No Variations]"
Add component (AddParameter): Name = "Manufacturer Part"; Value = "MST23D19G2"; VariantName = "[No Variations]"
Add component (AddParameter): Name = "Mechanical Life"; Value = "1??"; VariantName = "[No Variations]"
Add component (AddParameter): Name = "Mounting Style"; Value = "Brick nogging"; VariantName = "[No Variations]"
Add component (AddParameter): Name = "Operating Temperature"; Value = "-25?~+70?"; VariantName = "[No Variations]"
Add component (AddParameter): Name = "Pin Style"; Value = "SMDSplicing"; VariantName = "[No Variations]"
Add component (AddParameter): Name = "Supplier"; Value = "LCSC"; VariantName = "[No Variations]"
Add component (AddParameter): Name = "Supplier Footprint"; Value = "SMD"; VariantName = "[No Variations]"
Add component (AddParameter): Name = "Supplier Part"; Value = "C431545"; VariantName = "[No Variations]"
Add component (AddParameter): Name = "Switch Height"; Value = "3.5mm"; VariantName = "[No Variations]"
Add component (AddParameter): Name = "Switch Length"; Value = "12.95mm"; VariantName = "[No Variations]"
Add component (AddParameter): Name = "Switch Width"; Value = "3.55mm"; VariantName = "[No Variations]"
Add component (AddParameter): Name = "Symbol"; Value = "MST23D19G2"; VariantName = "[No Variations]"
Add component (AddParameter): Name = "Voltage Rating (AC)"; Value = "-"; VariantName = "[No Variations]"
Add component (AddParameter): Name = "Voltage Rating (DC)"; Value = "12V"; VariantName = "[No Variations]"
Added Component: Designator=SW?(SW-SMD_MST23D19G2)
Add component (AddParameter): Name = "Actuator Color"; Value = "-"; VariantName = "[No Variations]"
Add component (AddParameter): Name = "Actuator Style"; Value = "-"; VariantName = "[No Variations]"
Add component (AddParameter): Name = "Add into BOM"; Value = "yes"; VariantName = "[No Variations]"
Add component (AddParameter): Name = "Circuit"; Value = "????"; VariantName = "[No Variations]"
Add component (AddParameter): Name = "Convert to PCB"; Value = "yes"; VariantName = "[No Variations]"
Add component (AddParameter): Name = "Current Rating (AC)"; Value = "-"; VariantName = "[No Variations]"
Add component (AddParameter): Name = "Current Rating (DC)"; Value = "100mA"; VariantName = "[No Variations]"
Add component (AddParameter): Name = "Datasheet"; Value = "https://atta.szlcsc.com/upload/public/pdf/source/20190925/C431545_A88710AC241B275593C257CF6D595AD7.pdf"; VariantName = "[No Variations]"
Add component (AddParameter): Name = "Device"; Value = "MST23D19G2"; VariantName = "[No Variations]"
Add component (AddParameter): Name = "JLCPCB Part Class"; Value = "Extended Part"; VariantName = "[No Variations]"
Add component (AddParameter): Name = "LCSC Part Name"; Value = "?????? 8??? ??2.0MM"; VariantName = "[No Variations]"
Add component (AddParameter): Name = "Manufacturer"; Value = "SHOU HAN(??)"; VariantName = "[No Variations]"
Add component (AddParameter): Name = "Manufacturer Part"; Value = "MST23D19G2"; VariantName = "[No Variations]"
Add component (AddParameter): Name = "Mechanical Life"; Value = "1??"; VariantName = "[No Variations]"
Add component (AddParameter): Name = "Mounting Style"; Value = "Brick nogging"; VariantName = "[No Variations]"
Add component (AddParameter): Name = "Operating Temperature"; Value = "-25?~+70?"; VariantName = "[No Variations]"
Add component (AddParameter): Name = "Pin Style"; Value = "SMDSplicing"; VariantName = "[No Variations]"
Add component (AddParameter): Name = "Supplier"; Value = "LCSC"; VariantName = "[No Variations]"
Add component (AddParameter): Name = "Supplier Footprint"; Value = "SMD"; VariantName = "[No Variations]"
Add component (AddParameter): Name = "Supplier Part"; Value = "C431545"; VariantName = "[No Variations]"
Add component (AddParameter): Name = "Switch Height"; Value = "3.5mm"; VariantName = "[No Variations]"
Add component (AddParameter): Name = "Switch Length"; Value = "12.95mm"; VariantName = "[No Variations]"
Add component (AddParameter): Name = "Switch Width"; Value = "3.55mm"; VariantName = "[No Variations]"
Add component (AddParameter): Name = "Symbol"; Value = "MST23D19G2"; VariantName = "[No Variations]"
Add component (AddParameter): Name = "Voltage Rating (AC)"; Value = "-"; VariantName = "[No Variations]"
Add component (AddParameter): Name = "Voltage Rating (DC)"; Value = "12V"; VariantName = "[No Variations]"
Added Component: Designator=SW?(SW-SMD_MST23D19G2)
Add component (AddParameter): Name = "Actuator Color"; Value = "-"; VariantName = "[No Variations]"
Add component (AddParameter): Name = "Actuator Style"; Value = "-"; VariantName = "[No Variations]"
Add component (AddParameter): Name = "Add into BOM"; Value = "yes"; VariantName = "[No Variations]"
Add component (AddParameter): Name = "Circuit"; Value = "????"; VariantName = "[No Variations]"
Add component (AddParameter): Name = "Convert to PCB"; Value = "yes"; VariantName = "[No Variations]"
Add component (AddParameter): Name = "Current Rating (AC)"; Value = "-"; VariantName = "[No Variations]"
Add component (AddParameter): Name = "Current Rating (DC)"; Value = "100mA"; VariantName = "[No Variations]"
Add component (AddParameter): Name = "Datasheet"; Value = "https://atta.szlcsc.com/upload/public/pdf/source/20190925/C431545_A88710AC241B275593C257CF6D595AD7.pdf"; VariantName = "[No Variations]"
Add component (AddParameter): Name = "Device"; Value = "MST23D19G2"; VariantName = "[No Variations]"
Add component (AddParameter): Name = "JLCPCB Part Class"; Value = "Extended Part"; VariantName = "[No Variations]"
Add component (AddParameter): Name = "LCSC Part Name"; Value = "?????? 8??? ??2.0MM"; VariantName = "[No Variations]"
Add component (AddParameter): Name = "Manufacturer"; Value = "SHOU HAN(??)"; VariantName = "[No Variations]"
Add component (AddParameter): Name = "Manufacturer Part"; Value = "MST23D19G2"; VariantName = "[No Variations]"
Add component (AddParameter): Name = "Mechanical Life"; Value = "1??"; VariantName = "[No Variations]"
Add component (AddParameter): Name = "Mounting Style"; Value = "Brick nogging"; VariantName = "[No Variations]"
Add component (AddParameter): Name = "Operating Temperature"; Value = "-25?~+70?"; VariantName = "[No Variations]"
Add component (AddParameter): Name = "Pin Style"; Value = "SMDSplicing"; VariantName = "[No Variations]"
Add component (AddParameter): Name = "Supplier"; Value = "LCSC"; VariantName = "[No Variations]"
Add component (AddParameter): Name = "Supplier Footprint"; Value = "SMD"; VariantName = "[No Variations]"
Add component (AddParameter): Name = "Supplier Part"; Value = "C431545"; VariantName = "[No Variations]"
Add component (AddParameter): Name = "Switch Height"; Value = "3.5mm"; VariantName = "[No Variations]"
Add component (AddParameter): Name = "Switch Length"; Value = "12.95mm"; VariantName = "[No Variations]"
Add component (AddParameter): Name = "Switch Width"; Value = "3.55mm"; VariantName = "[No Variations]"
Add component (AddParameter): Name = "Symbol"; Value = "MST23D19G2"; VariantName = "[No Variations]"
Add component (AddParameter): Name = "Voltage Rating (AC)"; Value = "-"; VariantName = "[No Variations]"
Add component (AddParameter): Name = "Voltage Rating (DC)"; Value = "12V"; VariantName = "[No Variations]"
Added Component: Designator=SW?(SW-SMD_DSHP03TS-S)
Add component (AddParameter): Name = "Add into BOM"; Value = "yes"; VariantName = "[No Variations]"
Add component (AddParameter): Name = "Circuit"; Value = "SPST"; VariantName = "[No Variations]"
Add component (AddParameter): Name = "Color"; Value = "Black"; VariantName = "[No Variations]"
Add component (AddParameter): Name = "Convert to PCB"; Value = "yes"; VariantName = "[No Variations]"
Add component (AddParameter): Name = "Current Rating"; Value = "25mA"; VariantName = "[No Variations]"
Add component (AddParameter): Name = "Datasheet"; Value = "https://item.szlcsc.com/datasheet/DSHP03TS-S/300143.html"; VariantName = "[No Variations]"
Add component (AddParameter): Name = "Device"; Value = "DSHP03TS-S"; VariantName = "[No Variations]"
Add component (AddParameter): Name = "JLCPCB Part Class"; Value = "Extended Part"; VariantName = "[No Variations]"
Add component (AddParameter): Name = "LCSC Part Name"; Value = "??1.27mm ??,??? 3?????"; VariantName = "[No Variations]"
Add component (AddParameter): Name = "Lead Pitch"; Value = "1.27mm"; VariantName = "[No Variations]"
Add component (AddParameter): Name = "Manufacturer"; Value = "XKB Connection(????)"; VariantName = "[No Variations]"
Add component (AddParameter): Name = "Manufacturer Part"; Value = "DSHP03TS-S"; VariantName = "[No Variations]"
Add component (AddParameter): Name = "Number of Positions"; Value = "3"; VariantName = "[No Variations]"
Add component (AddParameter): Name = "Operating Life"; Value = "3,000 Cycles"; VariantName = "[No Variations]"
Add component (AddParameter): Name = "Operating Temperature"; Value = "-20?~+70?"; VariantName = "[No Variations]"
Add component (AddParameter): Name = "Supplier"; Value = "LCSC"; VariantName = "[No Variations]"
Add component (AddParameter): Name = "Supplier Footprint"; Value = "SMD-6P,5.4x5.4mm"; VariantName = "[No Variations]"
Add component (AddParameter): Name = "Supplier Part"; Value = "C319051"; VariantName = "[No Variations]"
Add component (AddParameter): Name = "Symbol"; Value = "DSHP03TS-S"; VariantName = "[No Variations]"
Add component (AddParameter): Name = "Termination Style"; Value = "Gull Wing"; VariantName = "[No Variations]"
Add component (AddParameter): Name = "Type"; Value = "Slide, Recessed"; VariantName = "[No Variations]"
Add component (AddParameter): Name = "Voltage Rating"; Value = "24V"; VariantName = "[No Variations]"
Added Component: Designator=SW?(SW-SMD_MST23D19G2)
Add component (AddParameter): Name = "Actuator Color"; Value = "-"; VariantName = "[No Variations]"
Add component (AddParameter): Name = "Actuator Style"; Value = "-"; VariantName = "[No Variations]"
Add component (AddParameter): Name = "Add into BOM"; Value = "yes"; VariantName = "[No Variations]"
Add component (AddParameter): Name = "Circuit"; Value = "????"; VariantName = "[No Variations]"
Add component (AddParameter): Name = "Convert to PCB"; Value = "yes"; VariantName = "[No Variations]"
Add component (AddParameter): Name = "Current Rating (AC)"; Value = "-"; VariantName = "[No Variations]"
Add component (AddParameter): Name = "Current Rating (DC)"; Value = "100mA"; VariantName = "[No Variations]"
Add component (AddParameter): Name = "Datasheet"; Value = "https://atta.szlcsc.com/upload/public/pdf/source/20190925/C431545_A88710AC241B275593C257CF6D595AD7.pdf"; VariantName = "[No Variations]"
Add component (AddParameter): Name = "Device"; Value = "MST23D19G2"; VariantName = "[No Variations]"
Add component (AddParameter): Name = "JLCPCB Part Class"; Value = "Extended Part"; VariantName = "[No Variations]"
Add component (AddParameter): Name = "LCSC Part Name"; Value = "?????? 8??? ??2.0MM"; VariantName = "[No Variations]"
Add component (AddParameter): Name = "Manufacturer"; Value = "SHOU HAN(??)"; VariantName = "[No Variations]"
Add component (AddParameter): Name = "Manufacturer Part"; Value = "MST23D19G2"; VariantName = "[No Variations]"
Add component (AddParameter): Name = "Mechanical Life"; Value = "1??"; VariantName = "[No Variations]"
Add component (AddParameter): Name = "Mounting Style"; Value = "Brick nogging"; VariantName = "[No Variations]"
Add component (AddParameter): Name = "Operating Temperature"; Value = "-25?~+70?"; VariantName = "[No Variations]"
Add component (AddParameter): Name = "Pin Style"; Value = "SMDSplicing"; VariantName = "[No Variations]"
Add component (AddParameter): Name = "Supplier"; Value = "LCSC"; VariantName = "[No Variations]"
Add component (AddParameter): Name = "Supplier Footprint"; Value = "SMD"; VariantName = "[No Variations]"
Add component (AddParameter): Name = "Supplier Part"; Value = "C431545"; VariantName = "[No Variations]"
Add component (AddParameter): Name = "Switch Height"; Value = "3.5mm"; VariantName = "[No Variations]"
Add component (AddParameter): Name = "Switch Length"; Value = "12.95mm"; VariantName = "[No Variations]"
Add component (AddParameter): Name = "Switch Width"; Value = "3.55mm"; VariantName = "[No Variations]"
Add component (AddParameter): Name = "Symbol"; Value = "MST23D19G2"; VariantName = "[No Variations]"
Add component (AddParameter): Name = "Voltage Rating (AC)"; Value = "-"; VariantName = "[No Variations]"
Add component (AddParameter): Name = "Voltage Rating (DC)"; Value = "12V"; VariantName = "[No Variations]"
Added Component: Designator=SW?(SW-SMD_MST23D19G2)
Add component (AddParameter): Name = "Actuator Color"; Value = "-"; VariantName = "[No Variations]"
Add component (AddParameter): Name = "Actuator Style"; Value = "-"; VariantName = "[No Variations]"
Add component (AddParameter): Name = "Add into BOM"; Value = "yes"; VariantName = "[No Variations]"
Add component (AddParameter): Name = "Circuit"; Value = "????"; VariantName = "[No Variations]"
Add component (AddParameter): Name = "Convert to PCB"; Value = "yes"; VariantName = "[No Variations]"
Add component (AddParameter): Name = "Current Rating (AC)"; Value = "-"; VariantName = "[No Variations]"
Add component (AddParameter): Name = "Current Rating (DC)"; Value = "100mA"; VariantName = "[No Variations]"
Add component (AddParameter): Name = "Datasheet"; Value = "https://atta.szlcsc.com/upload/public/pdf/source/20190925/C431545_A88710AC241B275593C257CF6D595AD7.pdf"; VariantName = "[No Variations]"
Add component (AddParameter): Name = "Device"; Value = "MST23D19G2"; VariantName = "[No Variations]"
Add component (AddParameter): Name = "JLCPCB Part Class"; Value = "Extended Part"; VariantName = "[No Variations]"
Add component (AddParameter): Name = "LCSC Part Name"; Value = "?????? 8??? ??2.0MM"; VariantName = "[No Variations]"
Add component (AddParameter): Name = "Manufacturer"; Value = "SHOU HAN(??)"; VariantName = "[No Variations]"
Add component (AddParameter): Name = "Manufacturer Part"; Value = "MST23D19G2"; VariantName = "[No Variations]"
Add component (AddParameter): Name = "Mechanical Life"; Value = "1??"; VariantName = "[No Variations]"
Add component (AddParameter): Name = "Mounting Style"; Value = "Brick nogging"; VariantName = "[No Variations]"
Add component (AddParameter): Name = "Operating Temperature"; Value = "-25?~+70?"; VariantName = "[No Variations]"
Add component (AddParameter): Name = "Pin Style"; Value = "SMDSplicing"; VariantName = "[No Variations]"
Add component (AddParameter): Name = "Supplier"; Value = "LCSC"; VariantName = "[No Variations]"
Add component (AddParameter): Name = "Supplier Footprint"; Value = "SMD"; VariantName = "[No Variations]"
Add component (AddParameter): Name = "Supplier Part"; Value = "C431545"; VariantName = "[No Variations]"
Add component (AddParameter): Name = "Switch Height"; Value = "3.5mm"; VariantName = "[No Variations]"
Add component (AddParameter): Name = "Switch Length"; Value = "12.95mm"; VariantName = "[No Variations]"
Add component (AddParameter): Name = "Switch Width"; Value = "3.55mm"; VariantName = "[No Variations]"
Add component (AddParameter): Name = "Symbol"; Value = "MST23D19G2"; VariantName = "[No Variations]"
Add component (AddParameter): Name = "Voltage Rating (AC)"; Value = "-"; VariantName = "[No Variations]"
Add component (AddParameter): Name = "Voltage Rating (DC)"; Value = "12V"; VariantName = "[No Variations]"
Added Component: Designator=U?(RJ12-TH_XKB_X02AHIWA1DB4008 - duplicate)
Add component (AddParameter): Name = "Add into BOM"; Value = "yes"; VariantName = "[No Variations]"
Add component (AddParameter): Name = "Connector Type"; Value = "RJ12 Jack"; VariantName = "[No Variations]"
Add component (AddParameter): Name = "Convert to PCB"; Value = "yes"; VariantName = "[No Variations]"
Add component (AddParameter): Name = "Datasheet"; Value = "https://item.szlcsc.com/datasheet/X02AHIWA1DB4008/5781353.html"; VariantName = "[No Variations]"
Add component (AddParameter): Name = "Device"; Value = "X02AHIWA1DB4008"; VariantName = "[No Variations]"
Add component (AddParameter): Name = "JLCPCB Part Class"; Value = "Extended Part"; VariantName = "[No Variations]"
Add component (AddParameter): Name = "LCSC Part Name"; Value = "?? ??LED"; VariantName = "[No Variations]"
Add component (AddParameter): Name = "LED"; Value = "Non-LED"; VariantName = "[No Variations]"
Add component (AddParameter): Name = "Manufacturer"; Value = "XKB Connection(????)"; VariantName = "[No Variations]"
Add component (AddParameter): Name = "Manufacturer Part"; Value = "X02AHIWA1DB4008"; VariantName = "[No Variations]"
Add component (AddParameter): Name = "Mounting Type"; Value = "Through Hole"; VariantName = "[No Variations]"
Add component (AddParameter): Name = "Shielding"; Value = "Unshielded"; VariantName = "[No Variations]"
Add component (AddParameter): Name = "Supplier"; Value = "LCSC"; VariantName = "[No Variations]"
Add component (AddParameter): Name = "Supplier Footprint"; Value = "??"; VariantName = "[No Variations]"
Add component (AddParameter): Name = "Supplier Part"; Value = "C5154047"; VariantName = "[No Variations]"
Add component (AddParameter): Name = "Symbol"; Value = "X02AHIWA1DB4008"; VariantName = "[No Variations]"
Added Component: Designator=U?(SOT-23-5_L3.0-W1.7-P0.95-LS2.8-BL)
Add component (AddParameter): Name = "Add into BOM"; Value = "yes"; VariantName = "[No Variations]"
Add component (AddParameter): Name = "Convert to PCB"; Value = "yes"; VariantName = "[No Variations]"
Add component (AddParameter): Name = "Datasheet"; Value = "https://www.ti.com/cn/lit/gpn/tps61040"; VariantName = "[No Variations]"
Add component (AddParameter): Name = "Device"; Value = "TPS61040DBVR"; VariantName = "[No Variations]"
Add component (AddParameter): Name = "Function"; Value = "Boost type"; VariantName = "[No Variations]"
Add component (AddParameter): Name = "Input Voltage"; Value = "1.8V~6V"; VariantName = "[No Variations]"
Add component (AddParameter): Name = "JLCPCB Part Class"; Value = "Extended Part"; VariantName = "[No Variations]"
Add component (AddParameter): Name = "LCSC Part Name"; Value = "???DC/DC?????"; VariantName = "[No Variations]"
Add component (AddParameter): Name = "Manufacturer"; Value = "TI(????)"; VariantName = "[No Variations]"
Add component (AddParameter): Name = "Manufacturer Part"; Value = "TPS61040DBVR"; VariantName = "[No Variations]"
Add component (AddParameter): Name = "Number of Outputs"; Value = "1"; VariantName = "[No Variations]"
Add component (AddParameter): Name = "Operating Temperature"; Value = "-40?~+85?"; VariantName = "[No Variations]"
Add component (AddParameter): Name = "Output Current"; Value = "400mA"; VariantName = "[No Variations]"
Add component (AddParameter): Name = "Output Type"; Value = "Adjustable"; VariantName = "[No Variations]"
Add component (AddParameter): Name = "Output Voltage"; Value = "28V"; VariantName = "[No Variations]"
Add component (AddParameter): Name = "Quiescent Current (Iq)"; Value = "28uA"; VariantName = "[No Variations]"
Add component (AddParameter): Name = "Supplier"; Value = "LCSC"; VariantName = "[No Variations]"
Add component (AddParameter): Name = "Supplier Footprint"; Value = "SOT-23-5"; VariantName = "[No Variations]"
Add component (AddParameter): Name = "Supplier Part"; Value = "C7722"; VariantName = "[No Variations]"
Add component (AddParameter): Name = "Switch tube (built-in/external)"; Value = "Built-in"; VariantName = "[No Variations]"
Add component (AddParameter): Name = "Switching Frequency"; Value = "1MHz"; VariantName = "[No Variations]"
Add component (AddParameter): Name = "Symbol"; Value = "TPS61040DBVR"; VariantName = "[No Variations]"
Add component (AddParameter): Name = "Synchronous Rectification"; Value = "No"; VariantName = "[No Variations]"
Add component (AddParameter): Name = "Topology"; Value = "Boost"; VariantName = "[No Variations]"
Added Component: Designator=U?(ESSOP-10_L4.9-W3.9-P1.00-LS6.0-BL-EP)
Add component (AddParameter): Name = "Add into BOM"; Value = "yes"; VariantName = "[No Variations]"
Add component (AddParameter): Name = "Convert to PCB"; Value = "yes"; VariantName = "[No Variations]"
Add component (AddParameter): Name = "Datasheet"; Value = "https://item.szlcsc.com/datasheet/GP8403-TC50-EW/3713796.html"; VariantName = "[No Variations]"
Add component (AddParameter): Name = "Device"; Value = "GP8403-TC50-EW"; VariantName = "[No Variations]"
Add component (AddParameter): Name = "JLCPCB Part Class"; Value = "Extended Part"; VariantName = "[No Variations]"
Add component (AddParameter): Name = "LCSC Part Name"; Value = "??0-10V (0.1%)"; VariantName = "[No Variations]"
Add component (AddParameter): Name = "Manufacturer"; Value = "Guestgood(??)"; VariantName = "[No Variations]"
Add component (AddParameter): Name = "Manufacturer Part"; Value = "GP8403-TC50-EW"; VariantName = "[No Variations]"
Add component (AddParameter): Name = "Supplier"; Value = "LCSC"; VariantName = "[No Variations]"
Add component (AddParameter): Name = "Supplier Footprint"; Value = "ESSOP-10-150mil"; VariantName = "[No Variations]"
Add component (AddParameter): Name = "Supplier Part"; Value = "C3152007"; VariantName = "[No Variations]"
Add component (AddParameter): Name = "Symbol"; Value = "GP8403-TC50-EW_C3152007"; VariantName = "[No Variations]"
Added Pin To Net: NetName=+3.3V Pin=ASM1117-Vout
Added Pin To Net: NetName=+3.3V Pin=ASM1117-Vout
Added Pin To Net: NetName=+3.3V Pin=C?-2
Added Pin To Net: NetName=+3.3V Pin=C?-2
Added Pin To Net: NetName=+3.3V Pin=R?-2
Added Pin To Net: NetName=+3.3V Pin=R?-2
Added Pin To Net: NetName=+3.3V Pin=R?-2
Added Pin To Net: NetName=+3.3V Pin=R?-2
Added Pin To Net: NetName=+3.3V Pin=R?-2
Added Net: Name=+3.3V
Added Pin To Net: NetName=+5V Pin=ASM1117-Vin
Added Pin To Net: NetName=+5V Pin=C?-2
Added Pin To Net: NetName=+5V Pin=C?-2
Added Pin To Net: NetName=+5V Pin=C?-2
Added Pin To Net: NetName=+5V Pin=CN?-2
Added Pin To Net: NetName=+5V Pin=L?-1
Added Pin To Net: NetName=+5V Pin=U?-4
Added Pin To Net: NetName=+5V Pin=U?-5
Added Net: Name=+5V
Added Pin To Net: NetName=+12V Pin=C?-2
Added Pin To Net: NetName=+12V Pin=C?-2
Added Pin To Net: NetName=+12V Pin=C?-2
Added Pin To Net: NetName=+12V Pin=D?-1
Added Pin To Net: NetName=+12V Pin=R?-2
Added Pin To Net: NetName=+12V Pin=U?-5
Added Net: Name=+12V
Added Pin To Net: NetName=A0 Pin=R?-1
Added Pin To Net: NetName=A0 Pin=SW?-1
Added Pin To Net: NetName=A0 Pin=U?-3
Added Net: Name=A0
Added Pin To Net: NetName=A1 Pin=R?-1
Added Pin To Net: NetName=A1 Pin=SW?-2
Added Pin To Net: NetName=A1 Pin=U?-4
Added Net: Name=A1
Added Pin To Net: NetName=A2 Pin=R?-1
Added Pin To Net: NetName=A2 Pin=SW?-3
Added Pin To Net: NetName=A2 Pin=U?-9
Added Net: Name=A2
Added Pin To Net: NetName=GND Pin=ASM1117-GND
Added Pin To Net: NetName=GND Pin=C?-1
Added Pin To Net: NetName=GND Pin=C?-1
Added Pin To Net: NetName=GND Pin=C?-1
Added Pin To Net: NetName=GND Pin=C?-1
Added Pin To Net: NetName=GND Pin=C?-1
Added Pin To Net: NetName=GND Pin=C?-1
Added Pin To Net: NetName=GND Pin=C?-1
Added Pin To Net: NetName=GND Pin=C?-1
Added Pin To Net: NetName=GND Pin=C?-1
Added Pin To Net: NetName=GND Pin=C?-1
Added Pin To Net: NetName=GND Pin=CN?-1
Added Pin To Net: NetName=GND Pin=D?-3
Added Pin To Net: NetName=GND Pin=R?-1
Added Pin To Net: NetName=GND Pin=SW?-1
Added Pin To Net: NetName=GND Pin=SW?-1
Added Pin To Net: NetName=GND Pin=SW?-1
Added Pin To Net: NetName=GND Pin=SW?-1
Added Pin To Net: NetName=GND Pin=SW?-1
Added Pin To Net: NetName=GND Pin=SW?-1
Added Pin To Net: NetName=GND Pin=SW?-4
Added Pin To Net: NetName=GND Pin=SW?-5
Added Pin To Net: NetName=GND Pin=SW?-6
Added Pin To Net: NetName=GND Pin=SW?-8
Added Pin To Net: NetName=GND Pin=SW?-8
Added Pin To Net: NetName=GND Pin=SW?-8
Added Pin To Net: NetName=GND Pin=SW?-8
Added Pin To Net: NetName=GND Pin=SW?-8
Added Pin To Net: NetName=GND Pin=SW?-8
Added Pin To Net: NetName=GND Pin=U?-2
Added Pin To Net: NetName=GND Pin=U?-6
Added Net: Name=GND
Added Pin To Net: NetName=NetC?_1 Pin=C?-1
Added Pin To Net: NetName=NetC?_1 Pin=R?-1
Added Pin To Net: NetName=NetC?_1 Pin=R?-2
Added Pin To Net: NetName=NetC?_1 Pin=U?-3
Added Net: Name=NetC?_1
Added Pin To Net: NetName=NetC?_2 Pin=C?-2
Added Pin To Net: NetName=NetC?_2 Pin=U?-10
Added Net: Name=NetC?_2
Added Pin To Net: NetName=NetD?_2 Pin=D?-2
Added Pin To Net: NetName=NetD?_2 Pin=L?-2
Added Pin To Net: NetName=NetD?_2 Pin=U?-1
Added Net: Name=NetD?_2
Added Pin To Net: NetName=NetSW?_2 Pin=SW?-2
Added Pin To Net: NetName=NetSW?_2 Pin=SW?-3
Added Net: Name=NetSW?_2
Add Net: Net with name "NetSW?_2" already exists
Add Net: Net with name "NetSW?_2" already exists
Add Net: Net with name "NetSW?_2" already exists
Add Net: Net with name "NetSW?_2" already exists
Add Net: Net with name "NetSW?_2" already exists
Added Pin To Net: NetName=PIN_1 Pin=SW?-6
Added Pin To Net: NetName=PIN_1 Pin=SW?-7
Added Pin To Net: NetName=PIN_1 Pin=U?-1
Added Net: Name=PIN_1
Added Pin To Net: NetName=PIN_2 Pin=SW?-6
Added Pin To Net: NetName=PIN_2 Pin=SW?-7
Added Pin To Net: NetName=PIN_2 Pin=U?-2
Added Net: Name=PIN_2
Added Pin To Net: NetName=PIN_3 Pin=SW?-6
Added Pin To Net: NetName=PIN_3 Pin=SW?-7
Added Pin To Net: NetName=PIN_3 Pin=U?-3
Added Net: Name=PIN_3
Added Pin To Net: NetName=PIN_4 Pin=SW?-6
Added Pin To Net: NetName=PIN_4 Pin=SW?-7
Added Pin To Net: NetName=PIN_4 Pin=U?-4
Added Net: Name=PIN_4
Added Pin To Net: NetName=PIN_5 Pin=SW?-6
Added Pin To Net: NetName=PIN_5 Pin=SW?-7
Added Pin To Net: NetName=PIN_5 Pin=U?-5
Added Net: Name=PIN_5
Added Pin To Net: NetName=PIN_6 Pin=SW?-6
Added Pin To Net: NetName=PIN_6 Pin=SW?-7
Added Pin To Net: NetName=PIN_6 Pin=U?-6
Added Net: Name=PIN_6
Added Pin To Net: NetName=SCL Pin=CN?-4
Added Pin To Net: NetName=SCL Pin=R?-1
Added Pin To Net: NetName=SCL Pin=U?-1
Added Net: Name=SCL
Added Pin To Net: NetName=SDA Pin=CN?-3
Added Pin To Net: NetName=SDA Pin=R?-1
Added Pin To Net: NetName=SDA Pin=U?-2
Added Net: Name=SDA
Added Pin To Net: NetName=VOUT0 Pin=C?-2
Added Pin To Net: NetName=VOUT0 Pin=D?-2
Added Pin To Net: NetName=VOUT0 Pin=SW?-4
Added Pin To Net: NetName=VOUT0 Pin=SW?-4
Added Pin To Net: NetName=VOUT0 Pin=SW?-4
Added Pin To Net: NetName=VOUT0 Pin=SW?-5
Added Pin To Net: NetName=VOUT0 Pin=SW?-5
Added Pin To Net: NetName=VOUT0 Pin=SW?-5
Added Pin To Net: NetName=VOUT0 Pin=U?-8
Added Net: Name=VOUT0
Added Pin To Net: NetName=VOUT1 Pin=C?-2
Added Pin To Net: NetName=VOUT1 Pin=D?-1
Added Pin To Net: NetName=VOUT1 Pin=SW?-4
Added Pin To Net: NetName=VOUT1 Pin=SW?-4
Added Pin To Net: NetName=VOUT1 Pin=SW?-4
Added Pin To Net: NetName=VOUT1 Pin=SW?-5
Added Pin To Net: NetName=VOUT1 Pin=SW?-5
Added Pin To Net: NetName=VOUT1 Pin=SW?-5
Added Pin To Net: NetName=VOUT1 Pin=U?-7
Added Net: Name=VOUT1
Added Class: Name=MainSheet
Added Room: Name=MainSheet
