Added Component: Designator=ASM1117(SOT229P700X180-4N)
Add component (AddParameter): Name = "Created By"; Value = "NourAldin"; VariantName = "[No Variations]"
Added Component: Designator=C1(CAPC2012X08N)
Add component (AddParameter): Name = "CreatedBy"; Value = "NourAldin"; VariantName = "[No Variations]"
Add component (AddParameter): Name = "DataSheet"; Value = "https://eu.mouser.com/datasheet/2/212/KEM_C1090_X7R_ESD-1103328.pdf"; VariantName = "[No Variations]"
Add component (AddParameter): Name = "Mouser Link"; Value = "https://eu.mouser.com/ProductDetail/KEMET/C0805C102MAREC7210?qs=sGAEpiMZZMs0AnBnWHyRQN7%2fAA2D2lPPn4aJ8HP1TBffR9FQG0oqCQ%3d%3d"; VariantName = "[No Variations]"
Added Component: Designator=C2(CAPC2012X08N)
Add component (AddParameter): Name = "CreatedBy"; Value = "NourAldin"; VariantName = "[No Variations]"
Add component (AddParameter): Name = "DataSheet"; Value = "https://eu.mouser.com/datasheet/2/212/KEM_C1090_X7R_ESD-1103328.pdf"; VariantName = "[No Variations]"
Add component (AddParameter): Name = "Mouser Link"; Value = "https://eu.mouser.com/ProductDetail/KEMET/C0805C102MAREC7210?qs=sGAEpiMZZMs0AnBnWHyRQN7%2fAA2D2lPPn4aJ8HP1TBffR9FQG0oqCQ%3d%3d"; VariantName = "[No Variations]"
Added Component: Designator=C3(CAPC2012X08N)
Add component (AddParameter): Name = "CreatedBy"; Value = "NourAldin"; VariantName = "[No Variations]"
Add component (AddParameter): Name = "DataSheet"; Value = "https://eu.mouser.com/datasheet/2/212/KEM_C1090_X7R_ESD-1103328.pdf"; VariantName = "[No Variations]"
Add component (AddParameter): Name = "Mouser Link"; Value = "https://eu.mouser.com/ProductDetail/KEMET/C0805C102MAREC7210?qs=sGAEpiMZZMs0AnBnWHyRQN7%2fAA2D2lPPn4aJ8HP1TBffR9FQG0oqCQ%3d%3d"; VariantName = "[No Variations]"
Added Component: Designator=C4(CAPC2012X08N)
Add component (AddParameter): Name = "CreatedBy"; Value = "NourAldin"; VariantName = "[No Variations]"
Add component (AddParameter): Name = "DataSheet"; Value = "https://eu.mouser.com/datasheet/2/212/KEM_C1090_X7R_ESD-1103328.pdf"; VariantName = "[No Variations]"
Add component (AddParameter): Name = "Mouser Link"; Value = "https://eu.mouser.com/ProductDetail/KEMET/C0805C102MAREC7210?qs=sGAEpiMZZMs0AnBnWHyRQN7%2fAA2D2lPPn4aJ8HP1TBffR9FQG0oqCQ%3d%3d"; VariantName = "[No Variations]"
Added Component: Designator=C5(CAPC2012X08N)
Add component (AddParameter): Name = "CreatedBy"; Value = "NourAldin"; VariantName = "[No Variations]"
Add component (AddParameter): Name = "DataSheet"; Value = "https://eu.mouser.com/datasheet/2/212/KEM_C1090_X7R_ESD-1103328.pdf"; VariantName = "[No Variations]"
Add component (AddParameter): Name = "Mouser Link"; Value = "https://eu.mouser.com/ProductDetail/KEMET/C0805C102MAREC7210?qs=sGAEpiMZZMs0AnBnWHyRQN7%2fAA2D2lPPn4aJ8HP1TBffR9FQG0oqCQ%3d%3d"; VariantName = "[No Variations]"
Added Component: Designator=C6(CAPC2012X08N)
Add component (AddParameter): Name = "CreatedBy"; Value = "NourAldin"; VariantName = "[No Variations]"
Add component (AddParameter): Name = "DataSheet"; Value = "https://eu.mouser.com/datasheet/2/212/KEM_C1090_X7R_ESD-1103328.pdf"; VariantName = "[No Variations]"
Add component (AddParameter): Name = "Mouser Link"; Value = "https://eu.mouser.com/ProductDetail/KEMET/C0805C102MAREC7210?qs=sGAEpiMZZMs0AnBnWHyRQN7%2fAA2D2lPPn4aJ8HP1TBffR9FQG0oqCQ%3d%3d"; VariantName = "[No Variations]"
Added Component: Designator=C7(CAPC2012X08N)
Add component (AddParameter): Name = "CreatedBy"; Value = "NourAldin"; VariantName = "[No Variations]"
Add component (AddParameter): Name = "DataSheet"; Value = "https://eu.mouser.com/datasheet/2/212/KEM_C1090_X7R_ESD-1103328.pdf"; VariantName = "[No Variations]"
Add component (AddParameter): Name = "Mouser Link"; Value = "https://eu.mouser.com/ProductDetail/KEMET/C0805C102MAREC7210?qs=sGAEpiMZZMs0AnBnWHyRQN7%2fAA2D2lPPn4aJ8HP1TBffR9FQG0oqCQ%3d%3d"; VariantName = "[No Variations]"
Added Component: Designator=C8(CAPC2012X08N)
Add component (AddParameter): Name = "CreatedBy"; Value = "NourAldin"; VariantName = "[No Variations]"
Add component (AddParameter): Name = "DataSheet"; Value = "https://eu.mouser.com/datasheet/2/212/KEM_C1090_X7R_ESD-1103328.pdf"; VariantName = "[No Variations]"
Add component (AddParameter): Name = "Mouser Link"; Value = "https://eu.mouser.com/ProductDetail/KEMET/C0805C102MAREC7210?qs=sGAEpiMZZMs0AnBnWHyRQN7%2fAA2D2lPPn4aJ8HP1TBffR9FQG0oqCQ%3d%3d"; VariantName = "[No Variations]"
Added Component: Designator=C9(CAPC2012X08N)
Add component (AddParameter): Name = "CreatedBy"; Value = "NourAldin"; VariantName = "[No Variations]"
Add component (AddParameter): Name = "DataSheet"; Value = "https://eu.mouser.com/datasheet/2/212/KEM_C1090_X7R_ESD-1103328.pdf"; VariantName = "[No Variations]"
Add component (AddParameter): Name = "Mouser Link"; Value = "https://eu.mouser.com/ProductDetail/KEMET/C0805C102MAREC7210?qs=sGAEpiMZZMs0AnBnWHyRQN7%2fAA2D2lPPn4aJ8HP1TBffR9FQG0oqCQ%3d%3d"; VariantName = "[No Variations]"
Added Component: Designator=C10(CAPC2012X08N)
Add component (AddParameter): Name = "CreatedBy"; Value = "NourAldin"; VariantName = "[No Variations]"
Add component (AddParameter): Name = "DataSheet"; Value = "https://eu.mouser.com/datasheet/2/212/KEM_C1090_X7R_ESD-1103328.pdf"; VariantName = "[No Variations]"
Add component (AddParameter): Name = "Mouser Link"; Value = "https://eu.mouser.com/ProductDetail/KEMET/C0805C102MAREC7210?qs=sGAEpiMZZMs0AnBnWHyRQN7%2fAA2D2lPPn4aJ8HP1TBffR9FQG0oqCQ%3d%3d"; VariantName = "[No Variations]"
Added Component: Designator=C11(CAPC2012X08N)
Add component (AddParameter): Name = "CreatedBy"; Value = "NourAldin"; VariantName = "[No Variations]"
Add component (AddParameter): Name = "DataSheet"; Value = "https://eu.mouser.com/datasheet/2/212/KEM_C1090_X7R_ESD-1103328.pdf"; VariantName = "[No Variations]"
Add component (AddParameter): Name = "Mouser Link"; Value = "https://eu.mouser.com/ProductDetail/KEMET/C0805C102MAREC7210?qs=sGAEpiMZZMs0AnBnWHyRQN7%2fAA2D2lPPn4aJ8HP1TBffR9FQG0oqCQ%3d%3d"; VariantName = "[No Variations]"
Added Component: Designator=CN1(CONN-SMD_4P-P2.00_ZX-HY2.0-4PWT)
Add component (AddParameter): Name = "Add into BOM"; Value = "yes"; VariantName = "[No Variations]"
Add component (AddParameter): Name = "Color"; Value = "Beige"; VariantName = "[No Variations]"
Add component (AddParameter): Name = "Contact Material"; Value = "Brass"; VariantName = "[No Variations]"
Add component (AddParameter): Name = "Contact Plating"; Value = "Tin"; VariantName = "[No Variations]"
Add component (AddParameter): Name = "Convert to PCB"; Value = "yes"; VariantName = "[No Variations]"
Add component (AddParameter): Name = "Current Rating"; Value = "2A"; VariantName = "[No Variations]"
Add component (AddParameter): Name = "Datasheet"; Value = "https://item.szlcsc.com/datasheet/ZX-HY2.0-4PWT/8427488.html"; VariantName = "[No Variations]"
Add component (AddParameter): Name = "Device"; Value = "ZX-HY2.0-4PWT"; VariantName = "[No Variations]"
Add component (AddParameter): Name = "Flame Retardant Rating"; Value = "-"; VariantName = "[No Variations]"
Add component (AddParameter): Name = "JLCPCB Part Class"; Value = "Extended Part"; VariantName = "[No Variations]"
Add component (AddParameter): Name = "LCSC Part Name"; Value = "1x4P ??:2mm ?? ??:HY"; VariantName = "[No Variations]"
Add component (AddParameter): Name = "Manufacturer"; Value = "Megastar(??)"; VariantName = "[No Variations]"
Add component (AddParameter): Name = "Manufacturer Part"; Value = "ZX-HY2.0-4PWT"; VariantName = "[No Variations]"
Add component (AddParameter): Name = "Mounting Type"; Value = "Surface Mount, Right Angle"; VariantName = "[No Variations]"
Add component (AddParameter): Name = "Number of Pins"; Value = "4P"; VariantName = "[No Variations]"
Add component (AddParameter): Name = "Number of PINs Per Row"; Value = "4"; VariantName = "[No Variations]"
Add component (AddParameter): Name = "Number of Rows"; Value = "1"; VariantName = "[No Variations]"
Add component (AddParameter): Name = "Operating Temperature"; Value = "-25?~+85?"; VariantName = "[No Variations]"
Add component (AddParameter): Name = "Pins Structure"; Value = "1x4P"; VariantName = "[No Variations]"
Add component (AddParameter): Name = "Pitch"; Value = "2mm"; VariantName = "[No Variations]"
Add component (AddParameter): Name = "Plastic Material"; Value = "-"; VariantName = "[No Variations]"
Add component (AddParameter): Name = "Reference Series"; Value = "HY"; VariantName = "[No Variations]"
Add component (AddParameter): Name = "Row Spacing"; Value = "-"; VariantName = "[No Variations]"
Add component (AddParameter): Name = "Supplementary Features"; Value = "Auxiliary Solder Pin"; VariantName = "[No Variations]"
Add component (AddParameter): Name = "Supplier"; Value = "LCSC"; VariantName = "[No Variations]"
Add component (AddParameter): Name = "Supplier Footprint"; Value = "SMD,P=2mm,??"; VariantName = "[No Variations]"
Add component (AddParameter): Name = "Supplier Part"; Value = "C7429571"; VariantName = "[No Variations]"
Add component (AddParameter): Name = "Symbol"; Value = "ZX-HY2.0-4PWT"; VariantName = "[No Variations]"
Add component (AddParameter): Name = "Voltage Rating"; Value = "-"; VariantName = "[No Variations]"
Add component (AddParameter): Name = "X-Length of Bottom Edge on Board (Spacing Line)"; Value = "12mm"; VariantName = "[No Variations]"
Add component (AddParameter): Name = "Y-Width of Bottom Edge on Board"; Value = "10.5mm"; VariantName = "[No Variations]"
Add component (AddParameter): Name = "Z-Height of the Board"; Value = "5.2mm"; VariantName = "[No Variations]"
Added Component: Designator=D1(SOD-323_L1.8-W1.3-LS2.5-RD)
Add component (AddParameter): Name = "Add into BOM"; Value = "yes"; VariantName = "[No Variations]"
Add component (AddParameter): Name = "Convert to PCB"; Value = "yes"; VariantName = "[No Variations]"
Add component (AddParameter): Name = "Current - Rectified"; Value = "1A"; VariantName = "[No Variations]"
Add component (AddParameter): Name = "Datasheet"; Value = "https://item.szlcsc.com/datasheet/1N5819WS/213850.html"; VariantName = "[No Variations]"
Add component (AddParameter): Name = "Device"; Value = "1N5819WS_C191023"; VariantName = "[No Variations]"
Add component (AddParameter): Name = "JLCPCB Part Class"; Value = "Basic Part"; VariantName = "[No Variations]"
Add component (AddParameter): Name = "LCSC Part Name"; Value = "??:40V ??:1A"; VariantName = "[No Variations]"
Add component (AddParameter): Name = "Manufacturer"; Value = "Hottech(???)"; VariantName = "[No Variations]"
Add component (AddParameter): Name = "Manufacturer Part"; Value = "1N5819WS"; VariantName = "[No Variations]"
Add component (AddParameter): Name = "Non-Repetitive Peak Forward Surge Current"; Value = "25A"; VariantName = "[No Variations]"
Add component (AddParameter): Name = "Supplier"; Value = "LCSC"; VariantName = "[No Variations]"
Add component (AddParameter): Name = "Supplier Footprint"; Value = "SOD-323"; VariantName = "[No Variations]"
Add component (AddParameter): Name = "Supplier Part"; Value = "C191023"; VariantName = "[No Variations]"
Add component (AddParameter): Name = "Symbol"; Value = "1N5819WS"; VariantName = "[No Variations]"
Add component (AddParameter): Name = "Voltage - DC Reverse(Vr)"; Value = "40V"; VariantName = "[No Variations]"
Add component (AddParameter): Name = "Voltage - Forward(Vf@If)"; Value = "600mV@1A"; VariantName = "[No Variations]"
Added Component: Designator=D2(SOT-23_L2.9-W1.3-P1.90-LS2.4-BR)
Add component (AddParameter): Name = "Add into BOM"; Value = "yes"; VariantName = "[No Variations]"
Add component (AddParameter): Name = "Breakdown Voltage"; Value = "13.3V;7.5V"; VariantName = "[No Variations]"
Add component (AddParameter): Name = "Convert to PCB"; Value = "yes"; VariantName = "[No Variations]"
Add component (AddParameter): Name = "Datasheet"; Value = "https://atta.szlcsc.com/upload/public/pdf/source/20180725/C172881_EAAF30934B5110668A16259EFFDDCCE9.pdf"; VariantName = "[No Variations]"
Add component (AddParameter): Name = "Device"; Value = "SM712-02HTG_C172881"; VariantName = "[No Variations]"
Add component (AddParameter): Name = "JLCPCB Part Class"; Value = "Extended Part"; VariantName = "[No Variations]"
Add component (AddParameter): Name = "LCSC Part Name"; Value = "SM712-02HTG"; VariantName = "[No Variations]"
Add component (AddParameter): Name = "Manufacturer"; Value = "Littelfuse(????)"; VariantName = "[No Variations]"
Add component (AddParameter): Name = "Manufacturer Part"; Value = "SM712-02HTG"; VariantName = "[No Variations]"
Add component (AddParameter): Name = "Maximum Clamping Voltage"; Value = "31V;19V"; VariantName = "[No Variations]"
Add component (AddParameter): Name = "Name"; Value = ""; VariantName = "[No Variations]"
Add component (AddParameter): Name = "Peak Pulse Current (Ipp)@10/1000us"; Value = "19A@8/20us"; VariantName = "[No Variations]"
Add component (AddParameter): Name = "Peak Pulse Power Dissipation (Ppp)@10/1000us"; Value = "600W"; VariantName = "[No Variations]"
Add component (AddParameter): Name = "polarity"; Value = "Bi-Directional"; VariantName = "[No Variations]"
Add component (AddParameter): Name = "Reverse Stand-Off Voltage (Vrwm)"; Value = "12V@Max;7V@Max"; VariantName = "[No Variations]"
Add component (AddParameter): Name = "Supplier"; Value = "LCSC"; VariantName = "[No Variations]"
Add component (AddParameter): Name = "Supplier Footprint"; Value = "SOT-23"; VariantName = "[No Variations]"
Add component (AddParameter): Name = "Supplier Part"; Value = "C172881"; VariantName = "[No Variations]"
Add component (AddParameter): Name = "Symbol"; Value = "SM712-02HTG"; VariantName = "[No Variations]"
Add component (AddParameter): Name = "Type"; Value = "TVS"; VariantName = "[No Variations]"
Added Component: Designator=L1(IND-SMD_L4.5-W4.5_SMMS0420)
Add component (AddParameter): Name = "Add into BOM"; Value = "yes"; VariantName = "[No Variations]"
Add component (AddParameter): Name = "Convert to PCB"; Value = "yes"; VariantName = "[No Variations]"
Add component (AddParameter): Name = "Current - Saturation(Isat)"; Value = "2A"; VariantName = "[No Variations]"
Add component (AddParameter): Name = "Current Rating"; Value = "1.6A"; VariantName = "[No Variations]"
Add component (AddParameter): Name = "Datasheet"; Value = "https://item.szlcsc.com/datasheet/SMMS0420-100M/144499.html"; VariantName = "[No Variations]"
Add component (AddParameter): Name = "DC Resistance(DCR)"; Value = "258mO"; VariantName = "[No Variations]"
Add component (AddParameter): Name = "Device"; Value = "SMMS0420-100M"; VariantName = "[No Variations]"
Add component (AddParameter): Name = "JLCPCB Part Class"; Value = "Extended Part"; VariantName = "[No Variations]"
Add component (AddParameter): Name = "LCSC Part Name"; Value = "10uH ±20% 2A"; VariantName = "[No Variations]"
Add component (AddParameter): Name = "Manufacturer"; Value = "SXN(???)"; VariantName = "[No Variations]"
Add component (AddParameter): Name = "Manufacturer Part"; Value = "SMMS0420-100M"; VariantName = "[No Variations]"
Add component (AddParameter): Name = "Supplier"; Value = "LCSC"; VariantName = "[No Variations]"
Add component (AddParameter): Name = "Supplier Footprint"; Value = "SMD,4.6x4.2mm"; VariantName = "[No Variations]"
Add component (AddParameter): Name = "Supplier Part"; Value = "C133195"; VariantName = "[No Variations]"
Add component (AddParameter): Name = "Symbol"; Value = "SMMS0420-100M"; VariantName = "[No Variations]"
Add component (AddParameter): Name = "Tolerance"; Value = "±20%"; VariantName = "[No Variations]"
Add component (AddParameter): Name = "Type"; Value = "-"; VariantName = "[No Variations]"
Add component (AddParameter): Name = "Value"; Value = "10uH"; VariantName = "[No Variations]"
Added Component: Designator=R1(RESC2012X07N)
Add component (AddParameter): Name = "Created By"; Value = "NourAldin"; VariantName = "[No Variations]"
Add component (AddParameter): Name = "DataSheet"; Value = "https://eu.mouser.com/datasheet/2/348/ktr-e-1139187.pdf"; VariantName = "[No Variations]"
Add component (AddParameter): Name = "Mouser Link"; Value = "https://eu.mouser.com/ProductDetail/ROHM-Semiconductor/KTR10EZPF3921?qs=493kPxzlxfJ9hgmf1BrSoQ%3d%3d"; VariantName = "[No Variations]"
Added Component: Designator=R2(RESC2012X07N)
Add component (AddParameter): Name = "Created By"; Value = "NourAldin"; VariantName = "[No Variations]"
Add component (AddParameter): Name = "DataSheet"; Value = "https://eu.mouser.com/datasheet/2/348/ktr-e-1139187.pdf"; VariantName = "[No Variations]"
Add component (AddParameter): Name = "Mouser Link"; Value = "https://eu.mouser.com/ProductDetail/ROHM-Semiconductor/KTR10EZPF3921?qs=493kPxzlxfJ9hgmf1BrSoQ%3d%3d"; VariantName = "[No Variations]"
Added Component: Designator=R3(RESC2012X07N)
Add component (AddParameter): Name = "Created By"; Value = "NourAldin"; VariantName = "[No Variations]"
Add component (AddParameter): Name = "DataSheet"; Value = "https://eu.mouser.com/datasheet/2/348/ktr-e-1139187.pdf"; VariantName = "[No Variations]"
Add component (AddParameter): Name = "Mouser Link"; Value = "https://eu.mouser.com/ProductDetail/ROHM-Semiconductor/KTR10EZPF3921?qs=493kPxzlxfJ9hgmf1BrSoQ%3d%3d"; VariantName = "[No Variations]"
Added Component: Designator=R4(RESC2012X07N)
Add component (AddParameter): Name = "Created By"; Value = "NourAldin"; VariantName = "[No Variations]"
Add component (AddParameter): Name = "DataSheet"; Value = "https://eu.mouser.com/datasheet/2/348/ktr-e-1139187.pdf"; VariantName = "[No Variations]"
Add component (AddParameter): Name = "Mouser Link"; Value = "https://eu.mouser.com/ProductDetail/ROHM-Semiconductor/KTR10EZPF3921?qs=493kPxzlxfJ9hgmf1BrSoQ%3d%3d"; VariantName = "[No Variations]"
Added Component: Designator=R5(RESC2012X07N)
Add component (AddParameter): Name = "Created By"; Value = "NourAldin"; VariantName = "[No Variations]"
Add component (AddParameter): Name = "DataSheet"; Value = "https://eu.mouser.com/datasheet/2/348/ktr-e-1139187.pdf"; VariantName = "[No Variations]"
Add component (AddParameter): Name = "Mouser Link"; Value = "https://eu.mouser.com/ProductDetail/ROHM-Semiconductor/KTR10EZPF3921?qs=493kPxzlxfJ9hgmf1BrSoQ%3d%3d"; VariantName = "[No Variations]"
Added Component: Designator=R6(RESC2012X07N)
Add component (AddParameter): Name = "Created By"; Value = "NourAldin"; VariantName = "[No Variations]"
Add component (AddParameter): Name = "DataSheet"; Value = "https://eu.mouser.com/datasheet/2/348/ktr-e-1139187.pdf"; VariantName = "[No Variations]"
Add component (AddParameter): Name = "Mouser Link"; Value = "https://eu.mouser.com/ProductDetail/ROHM-Semiconductor/KTR10EZPF3921?qs=493kPxzlxfJ9hgmf1BrSoQ%3d%3d"; VariantName = "[No Variations]"
Added Component: Designator=R7(RESC2012X07N)
Add component (AddParameter): Name = "Created By"; Value = "NourAldin"; VariantName = "[No Variations]"
Add component (AddParameter): Name = "DataSheet"; Value = "https://eu.mouser.com/datasheet/2/348/ktr-e-1139187.pdf"; VariantName = "[No Variations]"
Add component (AddParameter): Name = "Mouser Link"; Value = "https://eu.mouser.com/ProductDetail/ROHM-Semiconductor/KTR10EZPF3921?qs=493kPxzlxfJ9hgmf1BrSoQ%3d%3d"; VariantName = "[No Variations]"
Added Component: Designator=SW1(SW-SMD_MST23D19G2)
Add component (AddParameter): Name = "Actuator Color"; Value = "-"; VariantName = "[No Variations]"
Add component (AddParameter): Name = "Actuator Style"; Value = "-"; VariantName = "[No Variations]"
Add component (AddParameter): Name = "Add into BOM"; Value = "yes"; VariantName = "[No Variations]"
Add component (AddParameter): Name = "Circuit"; Value = "????"; VariantName = "[No Variations]"
Add component (AddParameter): Name = "Convert to PCB"; Value = "yes"; VariantName = "[No Variations]"
Add component (AddParameter): Name = "Current Rating (AC)"; Value = "-"; VariantName = "[No Variations]"
Add component (AddParameter): Name = "Current Rating (DC)"; Value = "100mA"; VariantName = "[No Variations]"
Add component (AddParameter): Name = "Datasheet"; Value = "https://atta.szlcsc.com/upload/public/pdf/source/20190925/C431545_A88710AC241B275593C257CF6D595AD7.pdf"; VariantName = "[No Variations]"
Add component (AddParameter): Name = "Device"; Value = "MST23D19G2"; VariantName = "[No Variations]"
Add component (AddParameter): Name = "JLCPCB Part Class"; Value = "Extended Part"; VariantName = "[No Variations]"
Add component (AddParameter): Name = "LCSC Part Name"; Value = "?????? 8??? ??2.0MM"; VariantName = "[No Variations]"
Add component (AddParameter): Name = "Manufacturer"; Value = "SHOU HAN(??)"; VariantName = "[No Variations]"
Add component (AddParameter): Name = "Manufacturer Part"; Value = "MST23D19G2"; VariantName = "[No Variations]"
Add component (AddParameter): Name = "Mechanical Life"; Value = "1??"; VariantName = "[No Variations]"
Add component (AddParameter): Name = "Mounting Style"; Value = "Brick nogging"; VariantName = "[No Variations]"
Add component (AddParameter): Name = "Operating Temperature"; Value = "-25?~+70?"; VariantName = "[No Variations]"
Add component (AddParameter): Name = "Pin Style"; Value = "SMDSplicing"; VariantName = "[No Variations]"
Add component (AddParameter): Name = "Supplier"; Value = "LCSC"; VariantName = "[No Variations]"
Add component (AddParameter): Name = "Supplier Footprint"; Value = "SMD"; VariantName = "[No Variations]"
Add component (AddParameter): Name = "Supplier Part"; Value = "C431545"; VariantName = "[No Variations]"
Add component (AddParameter): Name = "Switch Height"; Value = "3.5mm"; VariantName = "[No Variations]"
Add component (AddParameter): Name = "Switch Length"; Value = "12.95mm"; VariantName = "[No Variations]"
Add component (AddParameter): Name = "Switch Width"; Value = "3.55mm"; VariantName = "[No Variations]"
Add component (AddParameter): Name = "Symbol"; Value = "MST23D19G2"; VariantName = "[No Variations]"
Add component (AddParameter): Name = "Voltage Rating (AC)"; Value = "-"; VariantName = "[No Variations]"
Add component (AddParameter): Name = "Voltage Rating (DC)"; Value = "12V"; VariantName = "[No Variations]"
Added Component: Designator=SW2(SW-SMD_MST23D19G2)
Add component (AddParameter): Name = "Actuator Color"; Value = "-"; VariantName = "[No Variations]"
Add component (AddParameter): Name = "Actuator Style"; Value = "-"; VariantName = "[No Variations]"
Add component (AddParameter): Name = "Add into BOM"; Value = "yes"; VariantName = "[No Variations]"
Add component (AddParameter): Name = "Circuit"; Value = "????"; VariantName = "[No Variations]"
Add component (AddParameter): Name = "Convert to PCB"; Value = "yes"; VariantName = "[No Variations]"
Add component (AddParameter): Name = "Current Rating (AC)"; Value = "-"; VariantName = "[No Variations]"
Add component (AddParameter): Name = "Current Rating (DC)"; Value = "100mA"; VariantName = "[No Variations]"
Add component (AddParameter): Name = "Datasheet"; Value = "https://atta.szlcsc.com/upload/public/pdf/source/20190925/C431545_A88710AC241B275593C257CF6D595AD7.pdf"; VariantName = "[No Variations]"
Add component (AddParameter): Name = "Device"; Value = "MST23D19G2"; VariantName = "[No Variations]"
Add component (AddParameter): Name = "JLCPCB Part Class"; Value = "Extended Part"; VariantName = "[No Variations]"
Add component (AddParameter): Name = "LCSC Part Name"; Value = "?????? 8??? ??2.0MM"; VariantName = "[No Variations]"
Add component (AddParameter): Name = "Manufacturer"; Value = "SHOU HAN(??)"; VariantName = "[No Variations]"
Add component (AddParameter): Name = "Manufacturer Part"; Value = "MST23D19G2"; VariantName = "[No Variations]"
Add component (AddParameter): Name = "Mechanical Life"; Value = "1??"; VariantName = "[No Variations]"
Add component (AddParameter): Name = "Mounting Style"; Value = "Brick nogging"; VariantName = "[No Variations]"
Add component (AddParameter): Name = "Operating Temperature"; Value = "-25?~+70?"; VariantName = "[No Variations]"
Add component (AddParameter): Name = "Pin Style"; Value = "SMDSplicing"; VariantName = "[No Variations]"
Add component (AddParameter): Name = "Supplier"; Value = "LCSC"; VariantName = "[No Variations]"
Add component (AddParameter): Name = "Supplier Footprint"; Value = "SMD"; VariantName = "[No Variations]"
Add component (AddParameter): Name = "Supplier Part"; Value = "C431545"; VariantName = "[No Variations]"
Add component (AddParameter): Name = "Switch Height"; Value = "3.5mm"; VariantName = "[No Variations]"
Add component (AddParameter): Name = "Switch Length"; Value = "12.95mm"; VariantName = "[No Variations]"
Add component (AddParameter): Name = "Switch Width"; Value = "3.55mm"; VariantName = "[No Variations]"
Add component (AddParameter): Name = "Symbol"; Value = "MST23D19G2"; VariantName = "[No Variations]"
Add component (AddParameter): Name = "Voltage Rating (AC)"; Value = "-"; VariantName = "[No Variations]"
Add component (AddParameter): Name = "Voltage Rating (DC)"; Value = "12V"; VariantName = "[No Variations]"
Added Component: Designator=SW3(SW-SMD_DSHP03TS-S)
Add component (AddParameter): Name = "Add into BOM"; Value = "yes"; VariantName = "[No Variations]"
Add component (AddParameter): Name = "Circuit"; Value = "SPST"; VariantName = "[No Variations]"
Add component (AddParameter): Name = "Color"; Value = "Black"; VariantName = "[No Variations]"
Add component (AddParameter): Name = "Convert to PCB"; Value = "yes"; VariantName = "[No Variations]"
Add component (AddParameter): Name = "Current Rating"; Value = "25mA"; VariantName = "[No Variations]"
Add component (AddParameter): Name = "Datasheet"; Value = "https://item.szlcsc.com/datasheet/DSHP03TS-S/300143.html"; VariantName = "[No Variations]"
Add component (AddParameter): Name = "Device"; Value = "DSHP03TS-S"; VariantName = "[No Variations]"
Add component (AddParameter): Name = "JLCPCB Part Class"; Value = "Extended Part"; VariantName = "[No Variations]"
Add component (AddParameter): Name = "LCSC Part Name"; Value = "??1.27mm ??,??? 3?????"; VariantName = "[No Variations]"
Add component (AddParameter): Name = "Lead Pitch"; Value = "1.27mm"; VariantName = "[No Variations]"
Add component (AddParameter): Name = "Manufacturer"; Value = "XKB Connection(????)"; VariantName = "[No Variations]"
Add component (AddParameter): Name = "Manufacturer Part"; Value = "DSHP03TS-S"; VariantName = "[No Variations]"
Add component (AddParameter): Name = "Number of Positions"; Value = "3"; VariantName = "[No Variations]"
Add component (AddParameter): Name = "Operating Life"; Value = "3,000 Cycles"; VariantName = "[No Variations]"
Add component (AddParameter): Name = "Operating Temperature"; Value = "-20?~+70?"; VariantName = "[No Variations]"
Add component (AddParameter): Name = "Supplier"; Value = "LCSC"; VariantName = "[No Variations]"
Add component (AddParameter): Name = "Supplier Footprint"; Value = "SMD-6P,5.4x5.4mm"; VariantName = "[No Variations]"
Add component (AddParameter): Name = "Supplier Part"; Value = "C319051"; VariantName = "[No Variations]"
Add component (AddParameter): Name = "Symbol"; Value = "DSHP03TS-S"; VariantName = "[No Variations]"
Add component (AddParameter): Name = "Termination Style"; Value = "Gull Wing"; VariantName = "[No Variations]"
Add component (AddParameter): Name = "Type"; Value = "Slide, Recessed"; VariantName = "[No Variations]"
Add component (AddParameter): Name = "Voltage Rating"; Value = "24V"; VariantName = "[No Variations]"
Added Component: Designator=SW4(SW-SMD_MST23D19G2)
Add component (AddParameter): Name = "Actuator Color"; Value = "-"; VariantName = "[No Variations]"
Add component (AddParameter): Name = "Actuator Style"; Value = "-"; VariantName = "[No Variations]"
Add component (AddParameter): Name = "Add into BOM"; Value = "yes"; VariantName = "[No Variations]"
Add component (AddParameter): Name = "Circuit"; Value = "????"; VariantName = "[No Variations]"
Add component (AddParameter): Name = "Convert to PCB"; Value = "yes"; VariantName = "[No Variations]"
Add component (AddParameter): Name = "Current Rating (AC)"; Value = "-"; VariantName = "[No Variations]"
Add component (AddParameter): Name = "Current Rating (DC)"; Value = "100mA"; VariantName = "[No Variations]"
Add component (AddParameter): Name = "Datasheet"; Value = "https://atta.szlcsc.com/upload/public/pdf/source/20190925/C431545_A88710AC241B275593C257CF6D595AD7.pdf"; VariantName = "[No Variations]"
Add component (AddParameter): Name = "Device"; Value = "MST23D19G2"; VariantName = "[No Variations]"
Add component (AddParameter): Name = "JLCPCB Part Class"; Value = "Extended Part"; VariantName = "[No Variations]"
Add component (AddParameter): Name = "LCSC Part Name"; Value = "?????? 8??? ??2.0MM"; VariantName = "[No Variations]"
Add component (AddParameter): Name = "Manufacturer"; Value = "SHOU HAN(??)"; VariantName = "[No Variations]"
Add component (AddParameter): Name = "Manufacturer Part"; Value = "MST23D19G2"; VariantName = "[No Variations]"
Add component (AddParameter): Name = "Mechanical Life"; Value = "1??"; VariantName = "[No Variations]"
Add component (AddParameter): Name = "Mounting Style"; Value = "Brick nogging"; VariantName = "[No Variations]"
Add component (AddParameter): Name = "Operating Temperature"; Value = "-25?~+70?"; VariantName = "[No Variations]"
Add component (AddParameter): Name = "Pin Style"; Value = "SMDSplicing"; VariantName = "[No Variations]"
Add component (AddParameter): Name = "Supplier"; Value = "LCSC"; VariantName = "[No Variations]"
Add component (AddParameter): Name = "Supplier Footprint"; Value = "SMD"; VariantName = "[No Variations]"
Add component (AddParameter): Name = "Supplier Part"; Value = "C431545"; VariantName = "[No Variations]"
Add component (AddParameter): Name = "Switch Height"; Value = "3.5mm"; VariantName = "[No Variations]"
Add component (AddParameter): Name = "Switch Length"; Value = "12.95mm"; VariantName = "[No Variations]"
Add component (AddParameter): Name = "Switch Width"; Value = "3.55mm"; VariantName = "[No Variations]"
Add component (AddParameter): Name = "Symbol"; Value = "MST23D19G2"; VariantName = "[No Variations]"
Add component (AddParameter): Name = "Voltage Rating (AC)"; Value = "-"; VariantName = "[No Variations]"
Add component (AddParameter): Name = "Voltage Rating (DC)"; Value = "12V"; VariantName = "[No Variations]"
Added Component: Designator=SW5(SW-SMD_MST23D19G2)
Add component (AddParameter): Name = "Actuator Color"; Value = "-"; VariantName = "[No Variations]"
Add component (AddParameter): Name = "Actuator Style"; Value = "-"; VariantName = "[No Variations]"
Add component (AddParameter): Name = "Add into BOM"; Value = "yes"; VariantName = "[No Variations]"
Add component (AddParameter): Name = "Circuit"; Value = "????"; VariantName = "[No Variations]"
Add component (AddParameter): Name = "Convert to PCB"; Value = "yes"; VariantName = "[No Variations]"
Add component (AddParameter): Name = "Current Rating (AC)"; Value = "-"; VariantName = "[No Variations]"
Add component (AddParameter): Name = "Current Rating (DC)"; Value = "100mA"; VariantName = "[No Variations]"
Add component (AddParameter): Name = "Datasheet"; Value = "https://atta.szlcsc.com/upload/public/pdf/source/20190925/C431545_A88710AC241B275593C257CF6D595AD7.pdf"; VariantName = "[No Variations]"
Add component (AddParameter): Name = "Device"; Value = "MST23D19G2"; VariantName = "[No Variations]"
Add component (AddParameter): Name = "JLCPCB Part Class"; Value = "Extended Part"; VariantName = "[No Variations]"
Add component (AddParameter): Name = "LCSC Part Name"; Value = "?????? 8??? ??2.0MM"; VariantName = "[No Variations]"
Add component (AddParameter): Name = "Manufacturer"; Value = "SHOU HAN(??)"; VariantName = "[No Variations]"
Add component (AddParameter): Name = "Manufacturer Part"; Value = "MST23D19G2"; VariantName = "[No Variations]"
Add component (AddParameter): Name = "Mechanical Life"; Value = "1??"; VariantName = "[No Variations]"
Add component (AddParameter): Name = "Mounting Style"; Value = "Brick nogging"; VariantName = "[No Variations]"
Add component (AddParameter): Name = "Operating Temperature"; Value = "-25?~+70?"; VariantName = "[No Variations]"
Add component (AddParameter): Name = "Pin Style"; Value = "SMDSplicing"; VariantName = "[No Variations]"
Add component (AddParameter): Name = "Supplier"; Value = "LCSC"; VariantName = "[No Variations]"
Add component (AddParameter): Name = "Supplier Footprint"; Value = "SMD"; VariantName = "[No Variations]"
Add component (AddParameter): Name = "Supplier Part"; Value = "C431545"; VariantName = "[No Variations]"
Add component (AddParameter): Name = "Switch Height"; Value = "3.5mm"; VariantName = "[No Variations]"
Add component (AddParameter): Name = "Switch Length"; Value = "12.95mm"; VariantName = "[No Variations]"
Add component (AddParameter): Name = "Switch Width"; Value = "3.55mm"; VariantName = "[No Variations]"
Add component (AddParameter): Name = "Symbol"; Value = "MST23D19G2"; VariantName = "[No Variations]"
Add component (AddParameter): Name = "Voltage Rating (AC)"; Value = "-"; VariantName = "[No Variations]"
Add component (AddParameter): Name = "Voltage Rating (DC)"; Value = "12V"; VariantName = "[No Variations]"
Added Component: Designator=SW6(SW-SMD_MST23D19G2)
Add component (AddParameter): Name = "Actuator Color"; Value = "-"; VariantName = "[No Variations]"
Add component (AddParameter): Name = "Actuator Style"; Value = "-"; VariantName = "[No Variations]"
Add component (AddParameter): Name = "Add into BOM"; Value = "yes"; VariantName = "[No Variations]"
Add component (AddParameter): Name = "Circuit"; Value = "????"; VariantName = "[No Variations]"
Add component (AddParameter): Name = "Convert to PCB"; Value = "yes"; VariantName = "[No Variations]"
Add component (AddParameter): Name = "Current Rating (AC)"; Value = "-"; VariantName = "[No Variations]"
Add component (AddParameter): Name = "Current Rating (DC)"; Value = "100mA"; VariantName = "[No Variations]"
Add component (AddParameter): Name = "Datasheet"; Value = "https://atta.szlcsc.com/upload/public/pdf/source/20190925/C431545_A88710AC241B275593C257CF6D595AD7.pdf"; VariantName = "[No Variations]"
Add component (AddParameter): Name = "Device"; Value = "MST23D19G2"; VariantName = "[No Variations]"
Add component (AddParameter): Name = "JLCPCB Part Class"; Value = "Extended Part"; VariantName = "[No Variations]"
Add component (AddParameter): Name = "LCSC Part Name"; Value = "?????? 8??? ??2.0MM"; VariantName = "[No Variations]"
Add component (AddParameter): Name = "Manufacturer"; Value = "SHOU HAN(??)"; VariantName = "[No Variations]"
Add component (AddParameter): Name = "Manufacturer Part"; Value = "MST23D19G2"; VariantName = "[No Variations]"
Add component (AddParameter): Name = "Mechanical Life"; Value = "1??"; VariantName = "[No Variations]"
Add component (AddParameter): Name = "Mounting Style"; Value = "Brick nogging"; VariantName = "[No Variations]"
Add component (AddParameter): Name = "Operating Temperature"; Value = "-25?~+70?"; VariantName = "[No Variations]"
Add component (AddParameter): Name = "Pin Style"; Value = "SMDSplicing"; VariantName = "[No Variations]"
Add component (AddParameter): Name = "Supplier"; Value = "LCSC"; VariantName = "[No Variations]"
Add component (AddParameter): Name = "Supplier Footprint"; Value = "SMD"; VariantName = "[No Variations]"
Add component (AddParameter): Name = "Supplier Part"; Value = "C431545"; VariantName = "[No Variations]"
Add component (AddParameter): Name = "Switch Height"; Value = "3.5mm"; VariantName = "[No Variations]"
Add component (AddParameter): Name = "Switch Length"; Value = "12.95mm"; VariantName = "[No Variations]"
Add component (AddParameter): Name = "Switch Width"; Value = "3.55mm"; VariantName = "[No Variations]"
Add component (AddParameter): Name = "Symbol"; Value = "MST23D19G2"; VariantName = "[No Variations]"
Add component (AddParameter): Name = "Voltage Rating (AC)"; Value = "-"; VariantName = "[No Variations]"
Add component (AddParameter): Name = "Voltage Rating (DC)"; Value = "12V"; VariantName = "[No Variations]"
Added Component: Designator=SW7(SW-SMD_MST23D19G2)
Add component (AddParameter): Name = "Actuator Color"; Value = "-"; VariantName = "[No Variations]"
Add component (AddParameter): Name = "Actuator Style"; Value = "-"; VariantName = "[No Variations]"
Add component (AddParameter): Name = "Add into BOM"; Value = "yes"; VariantName = "[No Variations]"
Add component (AddParameter): Name = "Circuit"; Value = "????"; VariantName = "[No Variations]"
Add component (AddParameter): Name = "Convert to PCB"; Value = "yes"; VariantName = "[No Variations]"
Add component (AddParameter): Name = "Current Rating (AC)"; Value = "-"; VariantName = "[No Variations]"
Add component (AddParameter): Name = "Current Rating (DC)"; Value = "100mA"; VariantName = "[No Variations]"
Add component (AddParameter): Name = "Datasheet"; Value = "https://atta.szlcsc.com/upload/public/pdf/source/20190925/C431545_A88710AC241B275593C257CF6D595AD7.pdf"; VariantName = "[No Variations]"
Add component (AddParameter): Name = "Device"; Value = "MST23D19G2"; VariantName = "[No Variations]"
Add component (AddParameter): Name = "JLCPCB Part Class"; Value = "Extended Part"; VariantName = "[No Variations]"
Add component (AddParameter): Name = "LCSC Part Name"; Value = "?????? 8??? ??2.0MM"; VariantName = "[No Variations]"
Add component (AddParameter): Name = "Manufacturer"; Value = "SHOU HAN(??)"; VariantName = "[No Variations]"
Add component (AddParameter): Name = "Manufacturer Part"; Value = "MST23D19G2"; VariantName = "[No Variations]"
Add component (AddParameter): Name = "Mechanical Life"; Value = "1??"; VariantName = "[No Variations]"
Add component (AddParameter): Name = "Mounting Style"; Value = "Brick nogging"; VariantName = "[No Variations]"
Add component (AddParameter): Name = "Operating Temperature"; Value = "-25?~+70?"; VariantName = "[No Variations]"
Add component (AddParameter): Name = "Pin Style"; Value = "SMDSplicing"; VariantName = "[No Variations]"
Add component (AddParameter): Name = "Supplier"; Value = "LCSC"; VariantName = "[No Variations]"
Add component (AddParameter): Name = "Supplier Footprint"; Value = "SMD"; VariantName = "[No Variations]"
Add component (AddParameter): Name = "Supplier Part"; Value = "C431545"; VariantName = "[No Variations]"
Add component (AddParameter): Name = "Switch Height"; Value = "3.5mm"; VariantName = "[No Variations]"
Add component (AddParameter): Name = "Switch Length"; Value = "12.95mm"; VariantName = "[No Variations]"
Add component (AddParameter): Name = "Switch Width"; Value = "3.55mm"; VariantName = "[No Variations]"
Add component (AddParameter): Name = "Symbol"; Value = "MST23D19G2"; VariantName = "[No Variations]"
Add component (AddParameter): Name = "Voltage Rating (AC)"; Value = "-"; VariantName = "[No Variations]"
Add component (AddParameter): Name = "Voltage Rating (DC)"; Value = "12V"; VariantName = "[No Variations]"
Added Component: Designator=U1(SOT-23-5_L3.0-W1.7-P0.95-LS2.8-BL)
Add component (AddParameter): Name = "Add into BOM"; Value = "yes"; VariantName = "[No Variations]"
Add component (AddParameter): Name = "Convert to PCB"; Value = "yes"; VariantName = "[No Variations]"
Add component (AddParameter): Name = "Datasheet"; Value = "https://www.ti.com/cn/lit/gpn/tps61040"; VariantName = "[No Variations]"
Add component (AddParameter): Name = "Device"; Value = "TPS61040DBVR"; VariantName = "[No Variations]"
Add component (AddParameter): Name = "Function"; Value = "Boost type"; VariantName = "[No Variations]"
Add component (AddParameter): Name = "Input Voltage"; Value = "1.8V~6V"; VariantName = "[No Variations]"
Add component (AddParameter): Name = "JLCPCB Part Class"; Value = "Extended Part"; VariantName = "[No Variations]"
Add component (AddParameter): Name = "LCSC Part Name"; Value = "???DC/DC?????"; VariantName = "[No Variations]"
Add component (AddParameter): Name = "Manufacturer"; Value = "TI(????)"; VariantName = "[No Variations]"
Add component (AddParameter): Name = "Manufacturer Part"; Value = "TPS61040DBVR"; VariantName = "[No Variations]"
Add component (AddParameter): Name = "Number of Outputs"; Value = "1"; VariantName = "[No Variations]"
Add component (AddParameter): Name = "Operating Temperature"; Value = "-40?~+85?"; VariantName = "[No Variations]"
Add component (AddParameter): Name = "Output Current"; Value = "400mA"; VariantName = "[No Variations]"
Add component (AddParameter): Name = "Output Type"; Value = "Adjustable"; VariantName = "[No Variations]"
Add component (AddParameter): Name = "Output Voltage"; Value = "28V"; VariantName = "[No Variations]"
Add component (AddParameter): Name = "Quiescent Current (Iq)"; Value = "28uA"; VariantName = "[No Variations]"
Add component (AddParameter): Name = "Supplier"; Value = "LCSC"; VariantName = "[No Variations]"
Add component (AddParameter): Name = "Supplier Footprint"; Value = "SOT-23-5"; VariantName = "[No Variations]"
Add component (AddParameter): Name = "Supplier Part"; Value = "C7722"; VariantName = "[No Variations]"
Add component (AddParameter): Name = "Switch tube (built-in/external)"; Value = "Built-in"; VariantName = "[No Variations]"
Add component (AddParameter): Name = "Switching Frequency"; Value = "1MHz"; VariantName = "[No Variations]"
Add component (AddParameter): Name = "Symbol"; Value = "TPS61040DBVR"; VariantName = "[No Variations]"
Add component (AddParameter): Name = "Synchronous Rectification"; Value = "No"; VariantName = "[No Variations]"
Add component (AddParameter): Name = "Topology"; Value = "Boost"; VariantName = "[No Variations]"
Added Component: Designator=U2(ESSOP-10_L4.9-W3.9-P1.00-LS6.0-BL-EP)
Add component (AddParameter): Name = "Add into BOM"; Value = "yes"; VariantName = "[No Variations]"
Add component (AddParameter): Name = "Convert to PCB"; Value = "yes"; VariantName = "[No Variations]"
Add component (AddParameter): Name = "Datasheet"; Value = "https://item.szlcsc.com/datasheet/GP8403-TC50-EW/3713796.html"; VariantName = "[No Variations]"
Add component (AddParameter): Name = "Device"; Value = "GP8403-TC50-EW"; VariantName = "[No Variations]"
Add component (AddParameter): Name = "JLCPCB Part Class"; Value = "Extended Part"; VariantName = "[No Variations]"
Add component (AddParameter): Name = "LCSC Part Name"; Value = "??0-10V (0.1%)"; VariantName = "[No Variations]"
Add component (AddParameter): Name = "Manufacturer"; Value = "Guestgood(??)"; VariantName = "[No Variations]"
Add component (AddParameter): Name = "Manufacturer Part"; Value = "GP8403-TC50-EW"; VariantName = "[No Variations]"
Add component (AddParameter): Name = "Supplier"; Value = "LCSC"; VariantName = "[No Variations]"
Add component (AddParameter): Name = "Supplier Footprint"; Value = "ESSOP-10-150mil"; VariantName = "[No Variations]"
Add component (AddParameter): Name = "Supplier Part"; Value = "C3152007"; VariantName = "[No Variations]"
Add component (AddParameter): Name = "Symbol"; Value = "GP8403-TC50-EW_C3152007"; VariantName = "[No Variations]"
Added Component: Designator=U3(RJ12-TH_XKB_X02AHIWA1DB4008 - duplicate)
Add component (AddParameter): Name = "Add into BOM"; Value = "yes"; VariantName = "[No Variations]"
Add component (AddParameter): Name = "Connector Type"; Value = "RJ12 Jack"; VariantName = "[No Variations]"
Add component (AddParameter): Name = "Convert to PCB"; Value = "yes"; VariantName = "[No Variations]"
Add component (AddParameter): Name = "Datasheet"; Value = "https://item.szlcsc.com/datasheet/X02AHIWA1DB4008/5781353.html"; VariantName = "[No Variations]"
Add component (AddParameter): Name = "Device"; Value = "X02AHIWA1DB4008"; VariantName = "[No Variations]"
Add component (AddParameter): Name = "JLCPCB Part Class"; Value = "Extended Part"; VariantName = "[No Variations]"
Add component (AddParameter): Name = "LCSC Part Name"; Value = "?? ??LED"; VariantName = "[No Variations]"
Add component (AddParameter): Name = "LED"; Value = "Non-LED"; VariantName = "[No Variations]"
Add component (AddParameter): Name = "Manufacturer"; Value = "XKB Connection(????)"; VariantName = "[No Variations]"
Add component (AddParameter): Name = "Manufacturer Part"; Value = "X02AHIWA1DB4008"; VariantName = "[No Variations]"
Add component (AddParameter): Name = "Mounting Type"; Value = "Through Hole"; VariantName = "[No Variations]"
Add component (AddParameter): Name = "Shielding"; Value = "Unshielded"; VariantName = "[No Variations]"
Add component (AddParameter): Name = "Supplier"; Value = "LCSC"; VariantName = "[No Variations]"
Add component (AddParameter): Name = "Supplier Footprint"; Value = "??"; VariantName = "[No Variations]"
Add component (AddParameter): Name = "Supplier Part"; Value = "C5154047"; VariantName = "[No Variations]"
Add component (AddParameter): Name = "Symbol"; Value = "X02AHIWA1DB4008"; VariantName = "[No Variations]"
Added Pin To Net: NetName=GND Pin=ASM1117-GND
Added Pin To Net: NetName=+5V Pin=ASM1117-Vin
Added Pin To Net: NetName=+3.3V Pin=ASM1117-Vout
Added Pin To Net: NetName=+3.3V Pin=ASM1117-Vout
Added Pin To Net: NetName=+12V Pin=C1-2
Added Pin To Net: NetName=GND Pin=C2-1
Added Pin To Net: NetName=+12V Pin=C2-2
Added Pin To Net: NetName=GND Pin=C3-1
Added Pin To Net: NetName=VOUT0 Pin=C3-2
Added Pin To Net: NetName=GND Pin=C4-1
Added Pin To Net: NetName=VOUT1 Pin=C4-2
Added Pin To Net: NetName=GND Pin=C5-1
Added Pin To Net: NetName=+5V Pin=C5-2
Added Pin To Net: NetName=GND Pin=C6-1
Added Pin To Net: NetName=+3.3V Pin=C6-2
Added Pin To Net: NetName=GND Pin=C7-1
Added Pin To Net: NetName=+3.3V Pin=C7-2
Added Pin To Net: NetName=GND Pin=C8-1
Added Pin To Net: NetName=+12V Pin=C8-2
Added Pin To Net: NetName=GND Pin=C9-1
Added Pin To Net: NetName=GND Pin=C10-1
Added Pin To Net: NetName=+5V Pin=C10-2
Added Pin To Net: NetName=GND Pin=C11-1
Added Pin To Net: NetName=+5V Pin=C11-2
Added Pin To Net: NetName=GND Pin=CN1-1
Added Pin To Net: NetName=+5V Pin=CN1-2
Added Pin To Net: NetName=SDA Pin=CN1-3
Added Pin To Net: NetName=SCL Pin=CN1-4
Added Pin To Net: NetName=+12V Pin=D1-1
Added Pin To Net: NetName=VOUT1 Pin=D2-1
Added Pin To Net: NetName=VOUT0 Pin=D2-2
Added Pin To Net: NetName=GND Pin=D2-3
Added Pin To Net: NetName=+5V Pin=L1-1
Added Pin To Net: NetName=+12V Pin=R1-2
Added Pin To Net: NetName=GND Pin=R2-1
Added Pin To Net: NetName=SCL Pin=R3-1
Added Pin To Net: NetName=+3.3V Pin=R3-2
Added Pin To Net: NetName=SDA Pin=R4-1
Added Pin To Net: NetName=+3.3V Pin=R4-2
Added Pin To Net: NetName=A0 Pin=R5-1
Added Pin To Net: NetName=+3.3V Pin=R5-2
Added Pin To Net: NetName=A1 Pin=R6-1
Added Pin To Net: NetName=+3.3V Pin=R6-2
Added Pin To Net: NetName=A2 Pin=R7-1
Added Pin To Net: NetName=+3.3V Pin=R7-2
Added Pin To Net: NetName=GND Pin=SW1-1
Added Pin To Net: NetName=VOUT0 Pin=SW1-4
Added Pin To Net: NetName=VOUT0 Pin=SW1-5
Added Pin To Net: NetName=PIN_1 Pin=SW1-6
Added Pin To Net: NetName=PIN_1 Pin=SW1-7
Added Pin To Net: NetName=GND Pin=SW1-8
Added Pin To Net: NetName=GND Pin=SW2-1
Added Pin To Net: NetName=VOUT1 Pin=SW2-4
Added Pin To Net: NetName=VOUT1 Pin=SW2-5
Added Pin To Net: NetName=PIN_4 Pin=SW2-6
Added Pin To Net: NetName=PIN_4 Pin=SW2-7
Added Pin To Net: NetName=GND Pin=SW2-8
Added Pin To Net: NetName=A0 Pin=SW3-1
Added Pin To Net: NetName=A1 Pin=SW3-2
Added Pin To Net: NetName=A2 Pin=SW3-3
Added Pin To Net: NetName=GND Pin=SW3-4
Added Pin To Net: NetName=GND Pin=SW3-5
Added Pin To Net: NetName=GND Pin=SW3-6
Added Pin To Net: NetName=GND Pin=SW4-1
Added Pin To Net: NetName=VOUT0 Pin=SW4-4
Added Pin To Net: NetName=VOUT0 Pin=SW4-5
Added Pin To Net: NetName=PIN_2 Pin=SW4-6
Added Pin To Net: NetName=PIN_2 Pin=SW4-7
Added Pin To Net: NetName=GND Pin=SW4-8
Added Pin To Net: NetName=GND Pin=SW5-1
Added Pin To Net: NetName=VOUT1 Pin=SW5-4
Added Pin To Net: NetName=VOUT1 Pin=SW5-5
Added Pin To Net: NetName=PIN_5 Pin=SW5-6
Added Pin To Net: NetName=PIN_5 Pin=SW5-7
Added Pin To Net: NetName=GND Pin=SW5-8
Added Pin To Net: NetName=GND Pin=SW6-1
Added Pin To Net: NetName=VOUT0 Pin=SW6-4
Added Pin To Net: NetName=VOUT0 Pin=SW6-5
Added Pin To Net: NetName=PIN_3 Pin=SW6-6
Added Pin To Net: NetName=PIN_3 Pin=SW6-7
Added Pin To Net: NetName=GND Pin=SW6-8
Added Pin To Net: NetName=GND Pin=SW7-1
Added Pin To Net: NetName=VOUT1 Pin=SW7-4
Added Pin To Net: NetName=VOUT1 Pin=SW7-5
Added Pin To Net: NetName=PIN_6 Pin=SW7-6
Added Pin To Net: NetName=PIN_6 Pin=SW7-7
Added Pin To Net: NetName=GND Pin=SW7-8
Added Pin To Net: NetName=GND Pin=U1-2
Added Pin To Net: NetName=+5V Pin=U1-4
Added Pin To Net: NetName=+5V Pin=U1-5
Added Pin To Net: NetName=SCL Pin=U2-1
Added Pin To Net: NetName=SDA Pin=U2-2
Added Pin To Net: NetName=A0 Pin=U2-3
Added Pin To Net: NetName=A1 Pin=U2-4
Added Pin To Net: NetName=+12V Pin=U2-5
Added Pin To Net: NetName=GND Pin=U2-6
Added Pin To Net: NetName=VOUT1 Pin=U2-7
Added Pin To Net: NetName=VOUT0 Pin=U2-8
Added Pin To Net: NetName=A2 Pin=U2-9
Added Pin To Net: NetName=PIN_1 Pin=U3-1
Added Pin To Net: NetName=PIN_2 Pin=U3-2
Added Pin To Net: NetName=PIN_3 Pin=U3-3
Added Pin To Net: NetName=PIN_4 Pin=U3-4
Added Pin To Net: NetName=PIN_5 Pin=U3-5
Added Pin To Net: NetName=PIN_6 Pin=U3-6
Added Pin To Net: NetName=NetC1_1 Pin=C1-1
Added Pin To Net: NetName=NetC1_1 Pin=R1-1
Added Pin To Net: NetName=NetC1_1 Pin=R2-2
Added Pin To Net: NetName=NetC1_1 Pin=U1-3
Added Net: Name=NetC1_1
Added Pin To Net: NetName=NetC9_2 Pin=C9-2
Added Pin To Net: NetName=NetC9_2 Pin=U2-10
Added Net: Name=NetC9_2
Added Pin To Net: NetName=NetD1_2 Pin=D1-2
Added Pin To Net: NetName=NetD1_2 Pin=L1-2
Added Pin To Net: NetName=NetD1_2 Pin=U1-1
Added Net: Name=NetD1_2
Added Pin To Net: NetName=NetSW1_2 Pin=SW1-2
Added Pin To Net: NetName=NetSW1_2 Pin=SW1-3
Added Net: Name=NetSW1_2
Added Pin To Net: NetName=NetSW2_2 Pin=SW2-2
Added Pin To Net: NetName=NetSW2_2 Pin=SW2-3
Added Net: Name=NetSW2_2
Added Pin To Net: NetName=NetSW4_2 Pin=SW4-2
Added Pin To Net: NetName=NetSW4_2 Pin=SW4-3
Added Net: Name=NetSW4_2
Added Pin To Net: NetName=NetSW5_2 Pin=SW5-2
Added Pin To Net: NetName=NetSW5_2 Pin=SW5-3
Added Net: Name=NetSW5_2
Added Pin To Net: NetName=NetSW6_2 Pin=SW6-2
Added Pin To Net: NetName=NetSW6_2 Pin=SW6-3
Added Net: Name=NetSW6_2
Added Pin To Net: NetName=NetSW7_2 Pin=SW7-2
Added Pin To Net: NetName=NetSW7_2 Pin=SW7-3
Added Net: Name=NetSW7_2
Added Member To Class: ClassName=MainSheet Member=Component ASM1117 AMS1117 - 3.3V Reg
Added Member To Class: ClassName=MainSheet Member=Component C1 22pF/50V
Added Member To Class: ClassName=MainSheet Member=Component C2 22uF/25V
Added Member To Class: ClassName=MainSheet Member=Component C3 10uF/25V
Added Member To Class: ClassName=MainSheet Member=Component C4 10uF/25V
Added Member To Class: ClassName=MainSheet Member=Component C5 10uF/25V
Added Member To Class: ClassName=MainSheet Member=Component C6 10uF/25V
Added Member To Class: ClassName=MainSheet Member=Component C7 22uF/25V
Added Member To Class: ClassName=MainSheet Member=Component C8 100nF/50V
Added Member To Class: ClassName=MainSheet Member=Component C9 1uF/50V
Added Member To Class: ClassName=MainSheet Member=Component C10 22uF/25V
Added Member To Class: ClassName=MainSheet Member=Component C11 22uF/25V
Added Member To Class: ClassName=MainSheet Member=Component CN1 ZX-HY2.0-4PWT
Added Member To Class: ClassName=MainSheet Member=Component D1 1N5819WS
Added Member To Class: ClassName=MainSheet Member=Component D2 TVS
Added Member To Class: ClassName=MainSheet Member=Component L1 10uH
Added Member To Class: ClassName=MainSheet Member=Component R1 1M
Added Member To Class: ClassName=MainSheet Member=Component R2 115K
Added Member To Class: ClassName=MainSheet Member=Component R3 10K
Added Member To Class: ClassName=MainSheet Member=Component R4 10K
Added Member To Class: ClassName=MainSheet Member=Component R5 10K
Added Member To Class: ClassName=MainSheet Member=Component R6 10K
Added Member To Class: ClassName=MainSheet Member=Component R7 10K
Added Member To Class: ClassName=MainSheet Member=Component SW1 MST23D19G2
Added Member To Class: ClassName=MainSheet Member=Component SW2 MST23D19G2
Added Member To Class: ClassName=MainSheet Member=Component SW3 DSHP03TS-S
Added Member To Class: ClassName=MainSheet Member=Component SW4 MST23D19G2
Added Member To Class: ClassName=MainSheet Member=Component SW5 MST23D19G2
Added Member To Class: ClassName=MainSheet Member=Component SW6 MST23D19G2
Added Member To Class: ClassName=MainSheet Member=Component SW7 MST23D19G2
Added Member To Class: ClassName=MainSheet Member=Component U1 TPS61040DBVR
Added Member To Class: ClassName=MainSheet Member=Component U2 GP8403-TC50-EW
Added Member To Class: ClassName=MainSheet Member=Component U3 X02AHIWA1DB4008
Added Room: Name=MainSheet
